Component: ARM Compiler 5.06 update 6 (build 750) Tool: armlink [4d35ed]

==============================================================================

Section Cross References

    main.o(.text) refers to _printf_pad.o(.text) for _printf_pre_padding
    main.o(.text) refers to _printf_percent.o(.ARM.Collect$$_printf_percent$$00000000) for _printf_percent
    main.o(.text) refers to _printf_d.o(.ARM.Collect$$_printf_percent$$00000009) for _printf_d
    main.o(.text) refers to _printf_dec.o(.text) for _printf_int_dec
    main.o(.text) refers to lcd.o(.text) for LCD_Clear
    main.o(.text) refers to ov2640.o(.text) for OV2640_RGB565_Mode
    main.o(.text) refers to dcmi.o(.text) for My_DCMI_Init
    main.o(.text) refers to sram.o(.text) for mymemcpy
    main.o(.text) refers to noretval__2printf.o(.text) for __2printf
    main.o(.text) refers to usart.o(.text) for Usart1SendXYVal
    main.o(.text) refers to delay.o(.text) for delay_ms
    main.o(.text) refers to misc.o(.text) for NVIC_PriorityGroupConfig
    main.o(.text) refers to usart2.o(.text) for usart2_init
    main.o(.text) refers to led.o(.text) for LED_Init
    main.o(.text) refers to key.o(.text) for KEY_Init
    main.o(.text) refers to main.o(.data) for buf_sta
    main.o(.text) refers to main.o(.bss) for RGB_buf2
    main.o(.text) refers to lcd.o(.data) for POINT_COLOR
    main.o(.text) refers to dcmi.o(.data) for dcmi_rx_callback
    main.o(.text) refers to lcd.o(.bss) for lcddev
    system_stm32f4xx.o(.text) refers to system_stm32f4xx.o(.data) for SystemCoreClock
    led.o(.text) refers to stm32f4xx_rcc.o(.text) for RCC_AHB1PeriphClockCmd
    led.o(.text) refers to stm32f4xx_gpio.o(.text) for GPIO_Init
    lcd.o(.text) refers to _printf_percent.o(.ARM.Collect$$_printf_percent$$00000000) for _printf_percent
    lcd.o(.text) refers to _printf_d.o(.ARM.Collect$$_printf_percent$$00000009) for _printf_d
    lcd.o(.text) refers to _printf_x.o(.ARM.Collect$$_printf_percent$$0000000C) for _printf_x
    lcd.o(.text) refers to _printf_dec.o(.text) for _printf_int_dec
    lcd.o(.text) refers to _printf_hex_int.o(.text) for _printf_longlong_hex
    lcd.o(.text) refers to delay.o(.text) for delay_us
    lcd.o(.text) refers to lcd.o(.bss) for lcddev
    lcd.o(.text) refers to lcd.o(.data) for POINT_COLOR
    lcd.o(.text) refers to dflt_clz.o(x$fpl$dfltu) for __aeabi_ui2d
    lcd.o(.text) refers to dmul.o(x$fpl$dmul) for __aeabi_dmul
    lcd.o(.text) refers to dfixu.o(x$fpl$dfixu) for __aeabi_d2uiz
    lcd.o(.text) refers to stm32f4xx_rcc.o(.text) for RCC_AHB1PeriphClockCmd
    lcd.o(.text) refers to stm32f4xx_gpio.o(.text) for GPIO_Init
    lcd.o(.text) refers to stm32f4xx_fsmc.o(.text) for FSMC_NORSRAMInit
    lcd.o(.text) refers to noretval__2printf.o(.text) for __2printf
    lcd.o(.text) refers to lcd.o(.constdata) for asc2_1206
    key.o(.text) refers to stm32f4xx_rcc.o(.text) for RCC_AHB1PeriphClockCmd
    key.o(.text) refers to stm32f4xx_gpio.o(.text) for GPIO_Init
    key.o(.text) refers to delay.o(.text) for delay_ms
    key.o(.text) refers to key.o(.data) for key_up
    dcmi.o(.text) refers to stm32f4xx_dcmi.o(.text) for DCMI_GetITStatus
    dcmi.o(.text) refers to main.o(.text) for RGB_funHandler
    dcmi.o(.text) refers to stm32f4xx_rcc.o(.text) for RCC_AHB1PeriphClockCmd
    dcmi.o(.text) refers to stm32f4xx_dma.o(.text) for DMA_DeInit
    dcmi.o(.text) refers to misc.o(.text) for NVIC_Init
    dcmi.o(.text) refers to stm32f4xx_gpio.o(.text) for GPIO_Init
    dcmi.o(.text) refers to lcd.o(.text) for LCD_SetCursor
    dcmi.o(.text) refers to ov2640.o(.text) for OV2640_OutSize_Set
    dcmi.o(.text) refers to dcmi.o(.data) for ov_frame
    dcmi.o(.text) refers to dcmi.o(.bss) for DCMI_InitStructure
    ov2640.o(.text) refers to _printf_percent.o(.ARM.Collect$$_printf_percent$$00000000) for _printf_percent
    ov2640.o(.text) refers to _printf_d.o(.ARM.Collect$$_printf_percent$$00000009) for _printf_d
    ov2640.o(.text) refers to _printf_dec.o(.text) for _printf_int_dec
    ov2640.o(.text) refers to stm32f4xx_rcc.o(.text) for RCC_AHB1PeriphClockCmd
    ov2640.o(.text) refers to stm32f4xx_gpio.o(.text) for GPIO_Init
    ov2640.o(.text) refers to delay.o(.text) for delay_ms
    ov2640.o(.text) refers to sccb.o(.text) for SCCB_Init
    ov2640.o(.text) refers to noretval__2printf.o(.text) for __2printf
    ov2640.o(.text) refers to ov2640.o(.constdata) for ov2640_svga_init_reg_tbl
    sccb.o(.text) refers to stm32f4xx_rcc.o(.text) for RCC_AHB1PeriphClockCmd
    sccb.o(.text) refers to stm32f4xx_gpio.o(.text) for GPIO_Init
    sccb.o(.text) refers to delay.o(.text) for delay_us
    usart2.o(.text) refers to stm32f4xx_rcc.o(.text) for RCC_AHB1PeriphClockCmd
    usart2.o(.text) refers to stm32f4xx_gpio.o(.text) for GPIO_Init
    usart2.o(.text) refers to stm32f4xx_usart.o(.text) for USART_Init
    timer.o(.text) refers to stm32f4xx_rcc.o(.text) for RCC_APB1PeriphClockCmd
    timer.o(.text) refers to stm32f4xx_tim.o(.text) for TIM_TimeBaseInit
[...]
    .text                                    0x08005634   Section        0  key.o(.text)
    .text                                    0x08005738   Section        0  dcmi.o(.text)
    .text                                    0x08005aa4   Section        0  ov2640.o(.text)
    .text                                    0x08006088   Section        0  sccb.o(.text)
    .text                                    0x080062fc   Section        0  usart2.o(.text)
    .text                                    0x08006380   Section        0  timer.o(.text)
    .text                                    0x08006400   Section        0  sram.o(.text)
    .text                                    0x08006d08   Section        0  delay.o(.text)
    .text                                    0x08006e0c   Section        0  usart.o(.text)
    .text                                    0x08007000   Section       64  startup_stm32f40_41xxx.o(.text)
    $v0                                      0x08007000   Number         0  startup_stm32f40_41xxx.o(.text)
    .text                                    0x08007040   Section        0  misc.o(.text)
    .text                                    0x08007120   Section        0  stm32f4xx_dcmi.o(.text)
    .text                                    0x080072ac   Section        0  stm32f4xx_gpio.o(.text)
    .text                                    0x08007540   Section        0  stm32f4xx_fsmc.o(.text)
    .text                                    0x08007b08   Section        0  stm32f4xx_dma.o(.text)
    .text                                    0x08007eb0   Section        0  stm32f4xx_rcc.o(.text)
    .text                                    0x0800850c   Section        0  stm32f4xx_usart.o(.text)
    .text                                    0x08008960   Section        0  stm32f4xx_tim.o(.text)
    TI4_Config                               0x080090ff   Thumb Code    80  stm32f4xx_tim.o(.text)
    TI3_Config                               0x08009161   Thumb Code    72  stm32f4xx_tim.o(.text)
    TI2_Config                               0x080091c3   Thumb Code    90  stm32f4xx_tim.o(.text)
    TI1_Config                               0x0800922f   Thumb Code    58  stm32f4xx_tim.o(.text)
    .text                                    0x08009604   Section        0  usmart.o(.text)
    .text                                    0x0800a238   Section        0  usmart_str.o(.text)
    .text                                    0x0800a760   Section        2  use_no_semi_2.o(.text)
    .text                                    0x0800a764   Section        0  noretval__2printf.o(.text)
    .text                                    0x0800a77c   Section        0  _printf_pad.o(.text)
    .text                                    0x0800a7ca   Section        0  _printf_str.o(.text)
    .text                                    0x0800a81c   Section        0  _printf_dec.o(.text)
    .text                                    0x0800a894   Section        0  _printf_hex_int.o(.text)
    .text                                    0x0800a8ec   Section        0  __printf_flags_ss_wp.o(.text)
    .text                                    0x0800aa74   Section        0  heapauxi.o(.text)
    .text                                    0x0800aa7a   Section        2  use_no_semi.o(.text)
    .text                                    0x0800aa7c   Section        0  _printf_intcommon.o(.text)
    .text                                    0x0800ab2e   Section        0  _printf_char.o(.text)
    .text                                    0x0800ab5c   Section        0  _printf_char_file.o(.text)
    .text                                    0x0800ab80   Section        0  _printf_char_common.o(.text)
    _printf_input_char                       0x0800ab81   Thumb Code    10  _printf_char_common.o(.text)
    .text                                    0x0800abb0   Section        0  ferror.o(.text)
    .text                                    0x0800abb8   Section       74  sys_stackheap_outer.o(.text)
    .text                                    0x0800ac02   Section        0  exit.o(.text)
    .text                                    0x0800ac14   Section        8  libspace.o(.text)
    i._is_digit                              0x0800ac1c   Section        0  __printf_wp.o(i._is_digit)
    x$fpl$dfixu                              0x0800ac2c   Section       90  dfixu.o(x$fpl$dfixu)
    $v0                                      0x0800ac2c   Number         0  dfixu.o(x$fpl$dfixu)
    x$fpl$dfltu                              0x0800ac86   Section       38  dflt_clz.o(x$fpl$dfltu)
    $v0                                      0x0800ac86   Number         0  dflt_clz.o(x$fpl$dfltu)
    x$fpl$dmul                               0x0800acac   Section      340  dmul.o(x$fpl$dmul)
    $v0                                      0x0800acac   Number         0  dmul.o(x$fpl$dmul)
    x$fpl$dnaninf                            0x0800ae00   Section      156  dnaninf.o(x$fpl$dnaninf)
    $v0                                      0x0800ae00   Number         0  dnaninf.o(x$fpl$dnaninf)
    x$fpl$dretinf                            0x0800ae9c   Section       12  dretinf.o(x$fpl$dretinf)
    $v0                                      0x0800ae9c   Number         0  dretinf.o(x$fpl$dretinf)
    x$fpl$fpinit                             0x0800aea8   Section       10  fpinit.o(x$fpl$fpinit)
    $v0                                      0x0800aea8   Number         0  fpinit.o(x$fpl$fpinit)
    .constdata                               0x0800aeb2   Section     6080  lcd.o(.constdata)
    x$fpl$usenofp                            0x0800aeb2   Section        0  usenofp.o(x$fpl$usenofp)
    .constdata                               0x0800c672   Section      808  ov2640.o(.constdata)
    OV2640_AUTOEXPOSURE_LEVEL                0x0800c972   Data          40  ov2640.o(.constdata)
    .constdata                               0x0800c99a   Section       17  usart.o(.constdata)
    .constdata                               0x0800c9ac   Section       28  stm32f4xx_fsmc.o(.constdata)
    .constdata                               0x0800c9c8   Section       40  _printf_hex_int.o(.constdata)
    uc_hextab                                0x0800c9c8   Data          20  _printf_hex_int.o(.constdata)
    lc_hextab                                0x0800c9dc   Data          20  _printf_hex_int.o(.constdata)
    .constdata                               0x0800c9f0   Section       17  __printf_flags_ss_wp.o(.constdata)
    maptable                                 0x0800c9f0   Data          17  __printf_flags_ss_wp.o(.constdata)
    .conststring                             0x0800ca04   Section       40  usmart.o(.conststring)
    .conststring                             0x0800ca2c   Section      785  usmart_config.o(.conststring)
    .data                                    0x20000000   Section       17  main.o(.data)
    .data                                    0x20000014   Section       20  system_stm32f4xx.o(.data)
    .data                                    0x20000028   Section        4  lcd.o(.data)
    .data                                    0x2000002c   Section        1  key.o(.data)
    key_up                                   0x2000002c   Data           1  key.o(.data)
    .data                                    0x20000030   Section        8  dcmi.o(.data)
    .data                                    0x20000038   Section       28  sram.o(.data)
    .data                                    0x20000054   Section        4  delay.o(.data)
    fac_us                                   0x20000054   Data           1  delay.o(.data)
    fac_ms                                   0x20000056   Data           2  delay.o(.data)
    .data                                    0x20000058   Section        6  usart.o(.data)
    .data                                    0x2000005e   Section       16  stm32f4xx_rcc.o(.data)
    APBAHBPrescTable                         0x2000005e   Data          16  stm32f4xx_rcc.o(.data)
    .data                                    0x20000070   Section       28  usmart.o(.data)
    .data                                    0x2000008c   Section      412  usmart_config.o(.data)
    .bss                                     0x20000228   Section    16384  main.o(.bss)
    .bss                                     0x20004228   Section       14  lcd.o(.bss)
    .bss                                     0x20004236   Section       14  dcmi.o(.bss)
    .bss                                     0x20004244   Section     4524  sram.o(.bss)
    cd_xy                                    0x20004244   Data          10  sram.o(.bss)
    .bss                                     0x200053f0   Section      200  usart.o(.bss)
    .bss                                     0x200054b8   Section       96  libspace.o(.bss)
    HEAP                                     0x20005518   Section      512  startup_stm32f40_41xxx.o(HEAP)
    Heap_Mem                                 0x20005518   Data         512  startup_stm32f40_41xxx.o(HEAP)
    STACK                                    0x20005718   Section     1024  startup_stm32f40_41xxx.o(STACK)
    Stack_Mem                                0x20005718   Data        1024  startup_stm32f40_41xxx.o(STACK)
    __initial_sp                             0x20005b18   Data           0  startup_stm32f40_41xxx.o(STACK)

    Global Symbols

    Symbol Name                              Value     Ov Type        Size  Object(Section)

    BuildAttributes$$THM_ISAv4$E$P$D$K$B$S$7EM$VFPi3$EXTD16$VFPS$VFMA$PE$A:L22UL41UL21$X:L11$S22US41US21$IEEE1$IW$USESV6$~STKCKD$USESV7$~SHL$OSPACE$ROPI$EBA8$UX$STANDARDLIB$REQ8$PRES8$EABIv2 0x00000000   Number         0  anon$$obj.o ABSOLUTE
    __ARM_use_no_argv                        0x00000000   Number         0  main.o ABSOLUTE
    _printf_flags                            0x00000000   Number         0  printf_stubs.o ABSOLUTE
    _printf_return_value                     0x00000000   Number         0  printf_stubs.o ABSOLUTE
    _printf_sizespec                         0x00000000   Number         0  printf_stubs.o ABSOLUTE
    _printf_widthprec                        0x00000000   Number         0  printf_stubs.o ABSOLUTE
    __ARM_exceptions_init                     - Undefined Weak Reference
    __alloca_initialize                       - Undefined Weak Reference
    __arm_preinit_                            - Undefined Weak Reference
    __cpp_initialize__aeabi_                  - Undefined Weak Reference
    __cxa_finalize                            - Undefined Weak Reference
    __rt_locale                               - Undefined Weak Reference
    __sigvec_lookup                           - Undefined Weak Reference
    _atexit_init                              - Undefined Weak Reference
    _call_atexit_fns                          - Undefined Weak Reference
    _clock_init                               - Undefined Weak Reference
    _fp_trap_init                             - Undefined Weak Reference
    _fp_trap_shutdown                         - Undefined Weak Reference
    _get_lc_collate                           - Undefined Weak Reference
    _get_lc_ctype                             - Undefined Weak Reference
    _get_lc_monetary                          - Undefined Weak Reference
    _get_lc_numeric                           - Undefined Weak Reference
    _get_lc_time                              - Undefined Weak Reference
    _getenv_init                              - Undefined Weak Reference
    _handle_redirection                       - Undefined Weak Reference
    _init_alloc                               - Undefined Weak Reference
    _init_user_alloc                          - Undefined Weak Reference
    _initio                                   - Undefined Weak Reference
    _mutex_acquire                            - Undefined Weak Reference
    _mutex_release                            - Undefined Weak Reference
    _printf_mbtowc                            - Undefined Weak Reference
    _printf_truncate_signed                   - Undefined Weak Reference
    _printf_truncate_unsigned                 - Undefined Weak Reference
    _rand_init                                - Undefined Weak Reference
    _signal_finish                            - Undefined Weak Reference
    _signal_init                              - Undefined Weak Reference
    _terminate_alloc                          - Undefined Weak Reference
    _terminate_user_alloc                     - Undefined Weak Reference
    _terminateio                              - Undefined Weak Reference
    __Vectors_Size                           0x00000188   Number         0  startup_stm32f40_41xxx.o ABSOLUTE
    __Vectors                                0x08000000   Data           4  startup_stm32f40_41xxx.o(RESET)
    __Vectors_End                            0x08000188   Data           0  startup_stm32f40_41xxx.o(RESET)
    __main                                   0x08000189   Thumb Code     8  __main.o(!!!main)
    __scatterload                            0x08000191   Thumb Code     0  __scatter.o(!!!scatter)
    __scatterload_rt2                        0x08000191   Thumb Code    44  __scatter.o(!!!scatter)
    __scatterload_rt2_thumb_only             0x08000191   Thumb Code     0  __scatter.o(!!!scatter)
    __scatterload_null                       0x0800019f   Thumb Code     0  __scatter.o(!!!scatter)
    __decompress                             0x080001c5   Thumb Code    90  __dczerorl2.o(!!dczerorl2)
    __decompress1                            0x080001c5   Thumb Code     0  __dczerorl2.o(!!dczerorl2)
    __scatterload_zeroinit                   0x08000221   Thumb Code    28  __scatter_zi.o(!!handler_zi)
    _printf_d                                0x0800023d   Thumb Code     0  _printf_d.o(.ARM.Collect$$_printf_percent$$00000009)
    _printf_percent                          0x0800023d   Thumb Code     0  _printf_percent.o(.ARM.Collect$$_printf_percent$$00000000)
    _printf_u                                0x08000243   Thumb Code     0  _printf_u.o(.ARM.Collect$$_printf_percent$$0000000A)
    _printf_x                                0x08000249   Thumb Code     0  _printf_x.o(.ARM.Collect$$_printf_percent$$0000000C)
    _printf_c                                0x0800024f   Thumb Code     0  _printf_c.o(.ARM.Collect$$_printf_percent$$00000013)
    _printf_s                                0x08000255   Thumb Code     0  _printf_s.o(.ARM.Collect$$_printf_percent$$00000014)
    _printf_percent_end                      0x0800025b   Thumb Code     0  _printf_percent_end.o(.ARM.Collect$$_printf_percent$$00000017)
    __rt_lib_init                            0x0800025f   Thumb Code     0  libinit.o(.ARM.Collect$$libinit$$00000000)
    __rt_lib_init_fp_1                       0x08000261   Thumb Code     0  libinit2.o(.ARM.Collect$$libinit$$00000001)
    __rt_lib_init_alloca_1                   0x08000265   Thumb Code     0  libinit2.o(.ARM.Collect$$libinit$$0000002E)
    __rt_lib_init_argv_1                     0x08000265   Thumb Code     0  libinit2.o(.ARM.Collect$$libinit$$0000002C)
    __rt_lib_init_atexit_1                   0x08000265   Thumb Code     0  libinit2.o(.ARM.Collect$$libinit$$0000001B)
    __rt_lib_init_clock_1                    0x08000265   Thumb Code     0  libinit2.o(.ARM.Collect$$libinit$$00000021)
    __rt_lib_init_cpp_1                      0x08000265   Thumb Code     0  libinit2.o(.ARM.Collect$$libinit$$00000032)
    __rt_lib_init_exceptions_1               0x08000265   Thumb Code     0  libinit2.o(.ARM.Collect$$libinit$$00000030)
    __rt_lib_init_fp_trap_1                  0x08000265   Thumb Code     0  libinit2.o(.ARM.Collect$$libinit$$0000001F)
    __rt_lib_init_getenv_1                   0x08000265   Thumb Code     0  libinit2.o(.ARM.Collect$$libinit$$00000023)
    __rt_lib_init_heap_1                     0x08000265   Thumb Code     0  libinit2.o(.ARM.Collect$$libinit$$0000000A)
    __rt_lib_init_lc_collate_1               0x08000265   Thumb Code     0  libinit2.o(.ARM.Collect$$libinit$$00000011)
    __rt_lib_init_lc_ctype_1                 0x08000265   Thumb Code     0  libinit2.o(.ARM.Collect$$libinit$$00000013)
    __rt_lib_init_lc_monetary_1              0x08000265   Thumb Code     0  libinit2.o(.ARM.Collect$$libinit$$00000015)
    __rt_lib_init_lc_numeric_1               0x08000265   Thumb Code     0  libinit2.o(.ARM.Collect$$libinit$$00000017)
    __rt_lib_init_lc_time_1                  0x08000265   Thumb Code     0  libinit2.o(.ARM.Collect$$libinit$$00000019)
    __rt_lib_init_preinit_1                  0x08000265   Thumb Code     0  libinit2.o(.ARM.Collect$$libinit$$00000004)
    __rt_lib_init_rand_1                     0x08000265   Thumb Code     0  libinit2.o(.ARM.Collect$$libinit$$0000000E)
    __rt_lib_init_return                     0x08000265   Thumb Code     0  libinit2.o(.ARM.Collect$$libinit$$00000033)
    __rt_lib_init_signal_1                   0x08000265   Thumb Code     0  libinit2.o(.ARM.Collect$$libinit$$0000001D)
    __rt_lib_init_stdio_1                    0x08000265   Thumb Code     0  libinit2.o(.ARM.Collect$$libinit$$00000025)
    __rt_lib_init_user_alloc_1               0x08000265   Thumb Code     0  libinit2.o(.ARM.Collect$$libinit$$0000000C)
    __rt_lib_shutdown                        0x08000267   Thumb Code     0  libshutdown.o(.ARM.Collect$$libshutdown$$00000000)
    __rt_lib_shutdown_cpp_1                  0x08000269   Thumb Code     0  libshutdown2.o(.ARM.Collect$$libshutdown$$00000002)
    __rt_lib_shutdown_fp_trap_1              0x08000269   Thumb Code     0  libshutdown2.o(.ARM.Collect$$libshutdown$$00000007)
    __rt_lib_shutdown_heap_1                 0x08000269   Thumb Code     0  libshutdown2.o(.ARM.Collect$$libshutdown$$0000000F)
    __rt_lib_shutdown_return                 0x08000269   Thumb Code     0  libshutdown2.o(.ARM.Collect$$libshutdown$$00000010)
    __rt_lib_shutdown_signal_1               0x08000269   Thumb Code     0  libshutdown2.o(.ARM.Collect$$libshutdown$$0000000A)
    __rt_lib_shutdown_stdio_1                0x08000269   Thumb Code     0  libshutdown2.o(.ARM.Collect$$libshutdown$$00000004)
    __rt_lib_shutdown_user_alloc_1           0x08000269   Thumb Code     0  libshutdown2.o(.ARM.Collect$$libshutdown$$0000000C)
    __rt_entry                               0x0800026b   Thumb Code     0  __rtentry.o(.ARM.Collect$$rtentry$$00000000)
    __rt_entry_presh_1                       0x0800026b   Thumb Code     0  __rtentry2.o(.ARM.Collect$$rtentry$$00000002)
    __rt_entry_sh                            0x0800026b   Thumb Code     0  __rtentry4.o(.ARM.Collect$$rtentry$$00000004)
    __rt_entry_li                            0x08000271   Thumb Code     0  __rtentry2.o(.ARM.Collect$$rtentry$$0000000A)
    __rt_entry_postsh_1                      0x08000271   Thumb Code     0  __rtentry2.o(.ARM.Collect$$rtentry$$00000009)
    __rt_entry_main                          0x08000275   Thumb Code     0  __rtentry2.o(.ARM.Collect$$rtentry$$0000000D)
    __rt_entry_postli_1                      0x08000275   Thumb Code     0  __rtentry2.o(.ARM.Collect$$rtentry$$0000000C)
    __rt_exit                                0x0800027d   Thumb Code     0  rtexit.o(.ARM.Collect$$rtexit$$00000000)
    __rt_exit_ls                             0x0800027f   Thumb Code     0  rtexit2.o(.ARM.Collect$$rtexit$$00000003)
    __rt_exit_prels_1                        0x0800027f   Thumb Code     0  rtexit2.o(.ARM.Collect$$rtexit$$00000002)
    __rt_exit_exit                           0x08000283   Thumb Code     0  rtexit2.o(.ARM.Collect$$rtexit$$00000004)
    RGB_funHandler                           0x08000289   Thumb Code   172  main.o(.text)
    RGB_dcmi_rx_callback                     0x08000335   Thumb Code    98  main.o(.text)
    rgb565_test                              0x08000397   Thumb Code   452  main.o(.text)
    main                                     0x0800055b   Thumb Code    62  main.o(.text)
    NMI_Handler                              0x08000601   Thumb Code     2  stm32f4xx_it.o(.text)
    HardFault_Handler                        0x08000603   Thumb Code     4  stm32f4xx_it.o(.text)
    MemManage_Handler                        0x08000607   Thumb Code     4  stm32f4xx_it.o(.text)
    BusFault_Handler                         0x0800060b   Thumb Code     4  stm32f4xx_it.o(.text)
    UsageFault_Handler                       0x0800060f   Thumb Code     4  stm32f4xx_it.o(.text)
    SVC_Handler                              0x08000613   Thumb Code     2  stm32f4xx_it.o(.text)
    DebugMon_Handler                         0x08000615   Thumb Code     2  stm32f4xx_it.o(.text)
    PendSV_Handler                           0x08000617   Thumb Code     2  stm32f4xx_it.o(.text)
    SysTick_Handler                          0x08000619   Thumb Code     2  stm32f4xx_it.o(.text)
    SystemInit                               0x080006f9   Thumb Code    88  system_stm32f4xx.o(.text)
    SystemCoreClockUpdate                    0x08000751   Thumb Code   174  system_stm32f4xx.o(.text)
    LED_Init                                 0x0800082d   Thumb Code    60  led.o(.text)
    LCD_WR_REG                               0x0800086d   Thumb Code    18  lcd.o(.text)
    LCD_WR_DATA                              0x0800087f   Thumb Code    20  lcd.o(.text)
    LCD_RD_DATA                              0x08000893   Thumb Code    16  lcd.o(.text)
    LCD_WriteReg                             0x080008a3   Thumb Code    14  lcd.o(.text)
    LCD_ReadReg                              0x080008b1   Thumb Code    22  lcd.o(.text)
    LCD_WriteRAM_Prepare                     0x080008c7   Thumb Code    10  lcd.o(.text)
    LCD_WriteRAM                             0x080008d1   Thumb Code     8  lcd.o(.text)
    LCD_BGR2RGB                              0x080008d9   Thumb Code    26  lcd.o(.text)
    opt_delay                                0x080008f3   Thumb Code    14  lcd.o(.text)
    LCD_SetCursor                            0x08000901   Thumb Code   418  lcd.o(.text)
    LCD_ReadPoint                            0x08000aa3   Thumb Code   360  lcd.o(.text)
    LCD_DisplayOn                            0x08000c0b   Thumb Code   102  lcd.o(.text)
    LCD_DisplayOff                           0x08000c71   Thumb Code    90  lcd.o(.text)
    LCD_Scan_Dir                             0x08000ccb   Thumb Code   744  lcd.o(.text)
    LCD_DrawPoint                            0x08000fb3   Thumb Code    28  lcd.o(.text)
    LCD_Fast_DrawPoint                       0x08000fcf   Thumb Code   388  lcd.o(.text)
    LCD_SSD_BackLightSet                     0x08001153   Thumb Code    88  lcd.o(.text)
    LCD_Display_Dir                          0x080011ab   Thumb Code   444  lcd.o(.text)
    LCD_Set_Window                           0x08001367   Thumb Code   546  lcd.o(.text)
    LCD_Clear                                0x08001589   Thumb Code   100  lcd.o(.text)
    LCD_Init                                 0x080015ed   Thumb Code 14668  lcd.o(.text)
    LCD_Fill                                 0x08004f39   Thumb Code   180  lcd.o(.text)
    LCD_Color_Fill                           0x08004fed   Thumb Code   178  lcd.o(.text)
    LCD_DrawLine                             0x0800509f   Thumb Code   176  lcd.o(.text)
    LCD_DrawRectangle                        0x0800514f   Thumb Code    60  lcd.o(.text)
    LCD_Draw_Circle                          0x0800518b   Thumb Code   152  lcd.o(.text)
    LCD_ShowChar                             0x08005223   Thumb Code   272  lcd.o(.text)
    LCD_Pow                                  0x08005333   Thumb Code    22  lcd.o(.text)
    LCD_ShowNum                              0x08005349   Thumb Code   148  lcd.o(.text)
    LCD_ShowxNum                             0x080053dd   Thumb Code   290  lcd.o(.text)
    LCD_ShowString                           0x080054ff   Thumb Code   102  lcd.o(.text)
    gui_draw_hline                           0x08005565   Thumb Code    30  lcd.o(.text)
    gui_fill_circle                          0x08005583   Thumb Code   176  lcd.o(.text)
    KEY_Init                                 0x08005635   Thumb Code    60  key.o(.text)
    KEY_Scan                                 0x08005671   Thumb Code   188  key.o(.text)
    DCMI_IRQHandler                          0x08005739   Thumb Code    50  dcmi.o(.text)
    DCMI_DMA_Init                            0x0800576b   Thumb Code   102  dcmi.o(.text)
    DCMI_DMA_Init_DOUBLE_BUF                 0x080057d1   Thumb Code   174  dcmi.o(.text)
    DMA2_Stream1_IRQHandler                  0x0800587f   Thumb Code    30  dcmi.o(.text)
    My_DCMI_Init                             0x0800589d   Thumb Code   280  dcmi.o(.text)
    DCMI_Start                               0x080059b5   Thumb Code    30  dcmi.o(.text)
    DCMI_Stop                                0x080059d3   Thumb Code    34  dcmi.o(.text)
    DCMI_Set_Window                          0x080059f5   Thumb Code    74  dcmi.o(.text)
    DCMI_CR_Set                              0x08005a3f   Thumb Code    58  dcmi.o(.text)
    OV2640_Init                              0x08005aa5   Thumb Code   232  ov2640.o(.text)
    OV2640_JPEG_Mode                         0x08005b8d   Thumb Code    66  ov2640.o(.text)
    OV2640_RGB565_Mode                       0x08005bcf   Thumb Code    36  ov2640.o(.text)
    OV2640_Auto_Exposure                     0x08005bf3   Thumb Code    40  ov2640.o(.text)
    OV2640_Light_Mode                        0x08005c1b   Thumb Code   118  ov2640.o(.text)
    OV2640_Color_Saturation                  0x08005c91   Thumb Code    64  ov2640.o(.text)
    OV2640_Brightness                        0x08005cd1   Thumb Code    56  ov2640.o(.text)
    OV2640_Contrast                          0x08005d09   Thumb Code   116  ov2640.o(.text)
    OV2640_Special_Effects                   0x08005d7d   Thumb Code   122  ov2640.o(.text)
    OV2640_Color_Bar                         0x08005df7   Thumb Code    40  ov2640.o(.text)
    OV2640_Window_Set                        0x08005e1f   Thumb Code   214  ov2640.o(.text)
    OV2640_OutSize_Set                       0x08005ef5   Thumb Code   136  ov2640.o(.text)
    OV2640_ImageWin_Set                      0x08005f7d   Thumb Code   188  ov2640.o(.text)
    OV2640_ImageSize_Set                     0x08006039   Thumb Code    80  ov2640.o(.text)
    SCCB_Init                                0x08006089   Thumb Code    78  sccb.o(.text)
    SCCB_Start                               0x080060d7   Thumb Code    42  sccb.o(.text)
    SCCB_Stop                                0x08006101   Thumb Code    42  sccb.o(.text)
    SCCB_No_Ack                              0x0800612b   Thumb Code    56  sccb.o(.text)
    SCCB_WR_Byte                             0x08006163   Thumb Code   154  sccb.o(.text)
    SCCB_RD_Byte                             0x080061fd   Thumb Code   104  sccb.o(.text)
    SCCB_WR_Reg                              0x08006265   Thumb Code    62  sccb.o(.text)
    SCCB_RD_Reg                              0x080062a3   Thumb Code    78  sccb.o(.text)
    usart2_init                              0x080062fd   Thumb Code   124  usart2.o(.text)
    TIM3_Int_Init                            0x08006381   Thumb Code    88  timer.o(.text)
    TIM3_IRQHandler                          0x080063d9   Thumb Code    30  timer.o(.text)
    FSMC_SRAM_Init                           0x08006401   Thumb Code   694  sram.o(.text)
    FSMC_SRAM_WriteBuffer                    0x080066b7   Thumb Code    24  sram.o(.text)
    FSMC_SRAM_ReadBuffer                     0x080066cf   Thumb Code    22  sram.o(.text)
    mymemcpy                                 0x080066e5   Thumb Code    22  sram.o(.text)
    FSMC_SRAM_PictureDeal                    0x080066fb   Thumb Code   240  sram.o(.text)
    PictureDealReturn_out                    0x080067eb   Thumb Code   124  sram.o(.text)
    FSMC_SRAM_PictureDeal1                   0x08006867   Thumb Code  1174  sram.o(.text)
    delay_init                               0x08006d09   Thumb Code    52  delay.o(.text)
    delay_us                                 0x08006d3d   Thumb Code    72  delay.o(.text)
    delay_xms                                0x08006d85   Thumb Code    72  delay.o(.text)
    delay_ms                                 0x08006dcd   Thumb Code    56  delay.o(.text)
    _sys_exit                                0x08006e0d   Thumb Code     4  usart.o(.text)
    fputc                                    0x08006e11   Thumb Code    22  usart.o(.text)
    uart_init                                0x08006e27   Thumb Code   164  usart.o(.text)
    DataCheckAccKeypadSum                    0x08006ecb   Thumb Code    30  usart.o(.text)
    AtByteConvStr                            0x08006ee9   Thumb Code    62  usart.o(.text)
    Usart1SendXYVal                          0x08006f27   Thumb Code    66  usart.o(.text)
    USART1_IRQHandler                        0x08006f69   Thumb Code   122  usart.o(.text)
    Reset_Handler                            0x08007001   Thumb Code     8  startup_stm32f40_41xxx.o(.text)
    ADC_IRQHandler                           0x0800701b   Thumb Code     0  startup_stm32f40_41xxx.o(.text)
    CAN1_RX0_IRQHandler                      0x0800701b   Thumb Code     0  startup_stm32f40_41xxx.o(.text)
    CAN1_RX1_IRQHandler                      0x0800701b   Thumb Code     0  startup_stm32f40_41xxx.o(.text)
    CAN1_SCE_IRQHandler                      0x0800701b   Thumb Code     0  startup_stm32f40_41xxx.o(.text)
    CAN1_TX_IRQHandler                       0x0800701b   Thumb Code     0  startup_stm32f40_41xxx.o(.text)
    CAN2_RX0_IRQHandler                      0x0800701b   Thumb Code     0  startup_stm32f40_41xxx.o(.text)
    CAN2_RX1_IRQHandler                      0x0800701b   Thumb Code     0  startup_stm32f40_41xxx.o(.text)
    CAN2_SCE_IRQHandler                      0x0800701b   Thumb Code     0  startup_stm32f40_41xxx.o(.text)
    CAN2_TX_IRQHandler                       0x0800701b   Thumb Code     0  startup_stm32f40_41xxx.o(.text)
    CRYP_IRQHandler                          0x0800701b   Thumb Code     0  startup_stm32f40_41xxx.o(.text)
    DMA1_Stream0_IRQHandler                  0x0800701b   Thumb Code     0  startup_stm32f40_41xxx.o(.text)
    DMA1_Stream1_IRQHandler                  0x0800701b   Thumb Code     0  startup_stm32f40_41xxx.o(.text)
    DMA1_Stream2_IRQHandler                  0x0800701b   Thumb Code     0  startup_stm32f40_41xxx.o(.text)
    DMA1_Stream3_IRQHandler                  0x0800701b   Thumb Code     0  startup_stm32f40_41xxx.o(.text)
    DMA1_Stream4_IRQHandler                  0x0800701b   Thumb Code     0  startup_stm32f40_41xxx.o(.text)
    DMA1_Stream5_IRQHandler                  0x0800701b   Thumb Code     0  startup_stm32f40_41xxx.o(.text)
    DMA1_Stream6_IRQHandler                  0x0800701b   Thumb Code     0  startup_stm32f40_41xxx.o(.text)
    DMA1_Stream7_IRQHandler                  0x0800701b   Thumb Code     0  startup_stm32f40_41xxx.o(.text)
    DMA2_Stream0_IRQHandler                  0x0800701b   Thumb Code     0  startup_stm32f40_41xxx.o(.text)
    DMA2_Stream2_IRQHandler                  0x0800701b   Thumb Code     0  startup_stm32f40_41xxx.o(.text)
    DMA2_Stream3_IRQHandler                  0x0800701b   Thumb Code     0  startup_stm32f40_41xxx.o(.text)
    DMA2_Stream4_IRQHandler                  0x0800701b   Thumb Code     0  startup_stm32f40_41xxx.o(.text)
    DMA2_Stream5_IRQHandler                  0x0800701b   Thumb Code     0  startup_stm32f40_41xxx.o(.text)
    DMA2_Stream6_IRQHandler                  0x0800701b   Thumb Code     0  startup_stm32f40_41xxx.o(.text)
    DMA2_Stream7_IRQHandler                  0x0800701b   Thumb Code     0  startup_stm32f40_41xxx.o(.text)
    ETH_IRQHandler                           0x0800701b   Thumb Code     0  startup_stm32f40_41xxx.o(.text)
    ETH_WKUP_IRQHandler                      0x0800701b   Thumb Code     0  startup_stm32f40_41xxx.o(.text)
    EXTI0_IRQHandler                         0x0800701b   Thumb Code     0  startup_stm32f40_41xxx.o(.text)
    EXTI15_10_IRQHandler                     0x0800701b   Thumb Code     0  startup_stm32f40_41xxx.o(.text)
    EXTI1_IRQHandler                         0x0800701b   Thumb Code     0  startup_stm32f40_41xxx.o(.text)
    EXTI2_IRQHandler                         0x0800701b   Thumb Code     0  startup_stm32f40_41xxx.o(.text)
    EXTI3_IRQHandler                         0x0800701b   Thumb Code     0  startup_stm32f40_41xxx.o(.text)
    EXTI4_IRQHandler                         0x0800701b   Thumb Code     0  startup_stm32f40_41xxx.o(.text)
    EXTI9_5_IRQHandler                       0x0800701b   Thumb Code     0  startup_stm32f40_41xxx.o(.text)
    FLASH_IRQHandler                         0x0800701b   Thumb Code     0  startup_stm32f40_41xxx.o(.text)
    FPU_IRQHandler                           0x0800701b   Thumb Code     0  startup_stm32f40_41xxx.o(.text)
    FSMC_IRQHandler                          0x0800701b   Thumb Code     0  startup_stm32f40_41xxx.o(.text)
    HASH_RNG_IRQHandler                      0x0800701b   Thumb Code     0  startup_stm32f40_41xxx.o(.text)
    I2C1_ER_IRQHandler                       0x0800701b   Thumb Code     0  startup_stm32f40_41xxx.o(.text)
    I2C1_EV_IRQHandler                       0x0800701b   Thumb Code     0  startup_stm32f40_41xxx.o(.text)
    I2C2_ER_IRQHandler                       0x0800701b   Thumb Code     0  startup_stm32f40_41xxx.o(.text)
    I2C2_EV_IRQHandler                       0x0800701b   Thumb Code     0  startup_stm32f40_41xxx.o(.text)
    I2C3_ER_IRQHandler                       0x0800701b   Thumb Code     0  startup_stm32f40_41xxx.o(.text)
    I2C3_EV_IRQHandler                       0x0800701b   Thumb Code     0  startup_stm32f40_41xxx.o(.text)
    OTG_FS_IRQHandler                        0x0800701b   Thumb Code     0  startup_stm32f40_41xxx.o(.text)
    OTG_FS_WKUP_IRQHandler                   0x0800701b   Thumb Code     0  startup_stm32f40_41xxx.o(.text)
    OTG_HS_EP1_IN_IRQHandler                 0x0800701b   Thumb Code     0  startup_stm32f40_41xxx.o(.text)
    OTG_HS_EP1_OUT_IRQHandler                0x0800701b   Thumb Code     0  startup_stm32f40_41xxx.o(.text)
    OTG_HS_IRQHandler                        0x0800701b   Thumb Code     0  startup_stm32f40_41xxx.o(.text)
    OTG_HS_WKUP_IRQHandler                   0x0800701b   Thumb Code     0  startup_stm32f40_41xxx.o(.text)
    PVD_IRQHandler                           0x0800701b   Thumb Code     0  startup_stm32f40_41xxx.o(.text)
    RCC_IRQHandler                           0x0800701b   Thumb Code     0  startup_stm32f40_41xxx.o(.text)
    RTC_Alarm_IRQHandler                     0x0800701b   Thumb Code     0  startup_stm32f40_41xxx.o(.text)
    RTC_WKUP_IRQHandler                      0x0800701b   Thumb Code     0  startup_stm32f40_41xxx.o(.text)
    SDIO_IRQHandler                          0x0800701b   Thumb Code     0  startup_stm32f40_41xxx.o(.text)
    SPI1_IRQHandler                          0x0800701b   Thumb Code     0  startup_stm32f40_41xxx.o(.text)
    SPI2_IRQHandler                          0x0800701b   Thumb Code     0  startup_stm32f40_41xxx.o(.text)
    SPI3_IRQHandler                          0x0800701b   Thumb Code     0  startup_stm32f40_41xxx.o(.text)
    TAMP_STAMP_IRQHandler                    0x0800701b   Thumb Code     0  startup_stm32f40_41xxx.o(.text)
    TIM1_BRK_TIM9_IRQHandler                 0x0800701b   Thumb Code     0  startup_stm32f40_41xxx.o(.text)
    TIM1_CC_IRQHandler                       0x0800701b   Thumb Code     0  startup_stm32f40_41xxx.o(.text)
    TIM1_TRG_COM_TIM11_IRQHandler            0x0800701b   Thumb Code     0  startup_stm32f40_41xxx.o(.text)
    TIM1_UP_TIM10_IRQHandler                 0x0800701b   Thumb Code     0  startup_stm32f40_41xxx.o(.text)
    TIM2_IRQHandler                          0x0800701b   Thumb Code     0  startup_stm32f40_41xxx.o(.text)
    TIM5_IRQHandler                          0x0800701b   Thumb Code     0  startup_stm32f40_41xxx.o(.text)
    TIM6_DAC_IRQHandler                      0x0800701b   Thumb Code     0  startup_stm32f40_41xxx.o(.text)
    TIM7_IRQHandler                          0x0800701b   Thumb Code     0  startup_stm32f40_41xxx.o(.text)
    TIM8_BRK_TIM12_IRQHandler                0x0800701b   Thumb Code     0  startup_stm32f40_41xxx.o(.text)
    TIM8_CC_IRQHandler                       0x0800701b   Thumb Code     0  startup_stm32f40_41xxx.o(.text)
    TIM8_TRG_COM_TIM14_IRQHandler            0x0800701b   Thumb Code     0  startup_stm32f40_41xxx.o(.text)
    TIM8_UP_TIM13_IRQHandler                 0x0800701b   Thumb Code     0  startup_stm32f40_41xxx.o(.text)
    UART4_IRQHandler                         0x0800701b   Thumb Code     0  startup_stm32f40_41xxx.o(.text)
    UART5_IRQHandler                         0x0800701b   Thumb Code     0  startup_stm32f40_41xxx.o(.text)
    USART2_IRQHandler                        0x0800701b   Thumb Code     0  startup_stm32f40_41xxx.o(.text)
    USART3_IRQHandler                        0x0800701b   Thumb Code     0  startup_stm32f40_41xxx.o(.text)
    USART6_IRQHandler                        0x0800701b   Thumb Code     0  startup_stm32f40_41xxx.o(.text)
    WWDG_IRQHandler                          0x0800701b   Thumb Code     0  startup_stm32f40_41xxx.o(.text)
    __user_initial_stackheap                 0x0800701d   Thumb Code     0  startup_stm32f40_41xxx.o(.text)
    NVIC_PriorityGroupConfig                 0x08007041   Thumb Code    10  misc.o(.text)
    NVIC_Init                                0x0800704b   Thumb Code   106  misc.o(.text)
    NVIC_SetVectorTable                      0x080070b5   Thumb Code    14  misc.o(.text)
    NVIC_SystemLPConfig                      0x080070c3   Thumb Code    34  misc.o(.text)
    SysTick_CLKSourceConfig                  0x080070e5   Thumb Code    40  misc.o(.text)
    DCMI_DeInit                              0x08007121   Thumb Code    24  stm32f4xx_dcmi.o(.text)
    DCMI_Init                                0x08007139   Thumb Code    60  stm32f4xx_dcmi.o(.text)
    DCMI_StructInit                          0x08007175   Thumb Code    18  stm32f4xx_dcmi.o(.text)
    DCMI_CROPConfig                          0x08007187   Thumb Code    26  stm32f4xx_dcmi.o(.text)
    DCMI_CROPCmd                             0x080071a1   Thumb Code    30  stm32f4xx_dcmi.o(.text)
    DCMI_SetEmbeddedSynchroCodes             0x080071bf   Thumb Code    26  stm32f4xx_dcmi.o(.text)
    DCMI_JPEGCmd                             0x080071d9   Thumb Code    30  stm32f4xx_dcmi.o(.text)
    DCMI_Cmd                                 0x080071f7   Thumb Code    30  stm32f4xx_dcmi.o(.text)
    DCMI_CaptureCmd                          0x08007215   Thumb Code    30  stm32f4xx_dcmi.o(.text)
    DCMI_ReadData                            0x08007233   Thumb Code     6  stm32f4xx_dcmi.o(.text)
    DCMI_ITConfig                            0x08007239   Thumb Code    30  stm32f4xx_dcmi.o(.text)
    DCMI_GetFlagStatus                       0x08007257   Thumb Code    46  stm32f4xx_dcmi.o(.text)
    DCMI_ClearFlag                           0x08007285   Thumb Code     6  stm32f4xx_dcmi.o(.text)
    DCMI_GetITStatus                         0x0800728b   Thumb Code    24  stm32f4xx_dcmi.o(.text)
    DCMI_ClearITPendingBit                   0x080072a3   Thumb Code     6  stm32f4xx_dcmi.o(.text)
    GPIO_DeInit                              0x080072ad   Thumb Code   268  stm32f4xx_gpio.o(.text)
    GPIO_Init                                0x080073b9   Thumb Code   144  stm32f4xx_gpio.o(.text)
    GPIO_StructInit                          0x08007449   Thumb Code    18  stm32f4xx_gpio.o(.text)
    GPIO_PinLockConfig                       0x0800745b   Thumb Code    34  stm32f4xx_gpio.o(.text)
    GPIO_ReadInputDataBit                    0x0800747d   Thumb Code    18  stm32f4xx_gpio.o(.text)
    GPIO_ReadInputData                       0x0800748f   Thumb Code     8  stm32f4xx_gpio.o(.text)
    GPIO_ReadOutputDataBit                   0x08007497   Thumb Code    18  stm32f4xx_gpio.o(.text)
    GPIO_ReadOutputData                      0x080074a9   Thumb Code     8  stm32f4xx_gpio.o(.text)
    GPIO_SetBits                             0x080074b1   Thumb Code     4  stm32f4xx_gpio.o(.text)
    GPIO_ResetBits                           0x080074b5   Thumb Code     4  stm32f4xx_gpio.o(.text)
    GPIO_WriteBit                            0x080074b9   Thumb Code    10  stm32f4xx_gpio.o(.text)
    GPIO_Write                               0x080074c3   Thumb Code     4  stm32f4xx_gpio.o(.text)
    GPIO_ToggleBits                          0x080074c7   Thumb Code     8  stm32f4xx_gpio.o(.text)
    GPIO_PinAFConfig                         0x080074cf   Thumb Code    70  stm32f4xx_gpio.o(.text)
    FSMC_NORSRAMDeInit                       0x08007541   Thumb Code    54  stm32f4xx_fsmc.o(.text)
    FSMC_NORSRAMInit                         0x08007577   Thumb Code   230  stm32f4xx_fsmc.o(.text)
    FSMC_NORSRAMStructInit                   0x0800765d   Thumb Code    48  stm32f4xx_fsmc.o(.text)
    FSMC_NORSRAMCmd                          0x0800768d   Thumb Code    46  stm32f4xx_fsmc.o(.text)
    FSMC_NANDDeInit                          0x080076bb   Thumb Code    62  stm32f4xx_fsmc.o(.text)
    FSMC_NANDInit                            0x080076f9   Thumb Code   132  stm32f4xx_fsmc.o(.text)
    FSMC_NANDStructInit                      0x0800777d   Thumb Code    54  stm32f4xx_fsmc.o(.text)
    FSMC_NANDCmd                             0x080077b3   Thumb Code    86  stm32f4xx_fsmc.o(.text)
    FSMC_NANDECCCmd                          0x08007809   Thumb Code    86  stm32f4xx_fsmc.o(.text)
    FSMC_GetECC                              0x0800785f   Thumb Code    24  stm32f4xx_fsmc.o(.text)
    FSMC_PCCARDDeInit                        0x08007877   Thumb Code    36  stm32f4xx_fsmc.o(.text)
    FSMC_PCCARDInit                          0x0800789b   Thumb Code   130  stm32f4xx_fsmc.o(.text)
    FSMC_PCCARDStructInit                    0x0800791d   Thumb Code    60  stm32f4xx_fsmc.o(.text)
    FSMC_PCCARDCmd                           0x08007959   Thumb Code    44  stm32f4xx_fsmc.o(.text)
    FSMC_ITConfig                            0x08007985   Thumb Code   128  stm32f4xx_fsmc.o(.text)
    FSMC_GetFlagStatus                       0x08007a05   Thumb Code    54  stm32f4xx_fsmc.o(.text)
    FSMC_ClearFlag                           0x08007a3b   Thumb Code    74  stm32f4xx_fsmc.o(.text)
    FSMC_GetITStatus                         0x08007a85   Thumb Code    62  stm32f4xx_fsmc.o(.text)
    FSMC_ClearITPendingBit                   0x08007ac3   Thumb Code    66  stm32f4xx_fsmc.o(.text)
    DMA_DeInit                               0x08007b09   Thumb Code   324  stm32f4xx_dma.o(.text)
    DMA_Init                                 0x08007c4d   Thumb Code    82  stm32f4xx_dma.o(.text)
    DMA_StructInit                           0x08007c9f   Thumb Code    34  stm32f4xx_dma.o(.text)
    DMA_Cmd                                  0x08007cc1   Thumb Code    22  stm32f4xx_dma.o(.text)
    DMA_PeriphIncOffsetSizeConfig            0x08007cd7   Thumb Code    22  stm32f4xx_dma.o(.text)
    DMA_FlowControllerConfig                 0x08007ced   Thumb Code    22  stm32f4xx_dma.o(.text)
    DMA_SetCurrDataCounter                   0x08007d03   Thumb Code     4  stm32f4xx_dma.o(.text)
    DMA_GetCurrDataCounter                   0x08007d07   Thumb Code     8  stm32f4xx_dma.o(.text)
    DMA_DoubleBufferModeConfig               0x08007d0f   Thumb Code    24  stm32f4xx_dma.o(.text)
    DMA_DoubleBufferModeCmd                  0x08007d27   Thumb Code    22  stm32f4xx_dma.o(.text)
    DMA_MemoryTargetConfig                   0x08007d3d   Thumb Code    10  stm32f4xx_dma.o(.text)
    DMA_GetCurrentMemoryTarget               0x08007d47   Thumb Code    20  stm32f4xx_dma.o(.text)
    DMA_GetCmdStatus                         0x08007d5b   Thumb Code    20  stm32f4xx_dma.o(.text)
    DMA_GetFIFOStatus                        0x08007d6f   Thumb Code    12  stm32f4xx_dma.o(.text)
    DMA_GetFlagStatus                        0x08007d7b   Thumb Code    56  stm32f4xx_dma.o(.text)
    DMA_ClearFlag                            0x08007db3   Thumb Code    40  stm32f4xx_dma.o(.text)
    DMA_ITConfig                             0x08007ddb   Thumb Code    58  stm32f4xx_dma.o(.text)
    DMA_GetITStatus                          0x08007e15   Thumb Code    84  stm32f4xx_dma.o(.text)
    DMA_ClearITPendingBit                    0x08007e69   Thumb Code    40  stm32f4xx_dma.o(.text)
    RCC_DeInit                               0x08007eb1   Thumb Code    82  stm32f4xx_rcc.o(.text)
    RCC_HSEConfig                            0x08007f03   Thumb Code    14  stm32f4xx_rcc.o(.text)
    RCC_GetFlagStatus                        0x08007f11   Thumb Code    60  stm32f4xx_rcc.o(.text)
    RCC_WaitForHSEStartUp                    0x08007f4d   Thumb Code    56  stm32f4xx_rcc.o(.text)
    RCC_AdjustHSICalibrationValue            0x08007f85   Thumb Code    20  stm32f4xx_rcc.o(.text)
    RCC_HSICmd                               0x08007f99   Thumb Code     6  stm32f4xx_rcc.o(.text)
    RCC_LSEConfig                            0x08007f9f   Thumb Code    46  stm32f4xx_rcc.o(.text)
    RCC_LSICmd                               0x08007fcd   Thumb Code     6  stm32f4xx_rcc.o(.text)
    RCC_PLLConfig                            0x08007fd3   Thumb Code    32  stm32f4xx_rcc.o(.text)
    RCC_PLLCmd                               0x08007ff3   Thumb Code     6  stm32f4xx_rcc.o(.text)
    RCC_PLLI2SConfig                         0x08007ff9   Thumb Code    14  stm32f4xx_rcc.o(.text)
    RCC_PLLI2SCmd                            0x08008007   Thumb Code     6  stm32f4xx_rcc.o(.text)
    RCC_PLLSAIConfig                         0x0800800d   Thumb Code    20  stm32f4xx_rcc.o(.text)
    RCC_PLLSAICmd                            0x08008021   Thumb Code     6  stm32f4xx_rcc.o(.text)
    RCC_ClockSecuritySystemCmd               0x08008027   Thumb Code     6  stm32f4xx_rcc.o(.text)
    RCC_MCO1Config                           0x0800802d   Thumb Code    28  stm32f4xx_rcc.o(.text)
    RCC_MCO2Config                           0x08008049   Thumb Code    28  stm32f4xx_rcc.o(.text)
    RCC_SYSCLKConfig                         0x08008065   Thumb Code    20  stm32f4xx_rcc.o(.text)
    RCC_GetSYSCLKSource                      0x08008079   Thumb Code    12  stm32f4xx_rcc.o(.text)
    RCC_HCLKConfig                           0x08008085   Thumb Code    20  stm32f4xx_rcc.o(.text)
    RCC_PCLK1Config                          0x08008099   Thumb Code    20  stm32f4xx_rcc.o(.text)
    RCC_PCLK2Config                          0x080080ad   Thumb Code    22  stm32f4xx_rcc.o(.text)
    RCC_GetClocksFreq                        0x080080c3   Thumb Code   222  stm32f4xx_rcc.o(.text)
    RCC_RTCCLKConfig                         0x080081a1   Thumb Code    54  stm32f4xx_rcc.o(.text)
    RCC_RTCCLKCmd                            0x080081d7   Thumb Code     8  stm32f4xx_rcc.o(.text)
    RCC_BackupResetCmd                       0x080081df   Thumb Code     8  stm32f4xx_rcc.o(.text)
    RCC_I2SCLKConfig                         0x080081e7   Thumb Code     6  stm32f4xx_rcc.o(.text)
    RCC_SAIPLLI2SClkDivConfig                0x080081ed   Thumb Code    26  stm32f4xx_rcc.o(.text)
    RCC_SAIPLLSAIClkDivConfig                0x08008207   Thumb Code    28  stm32f4xx_rcc.o(.text)
    RCC_SAIBlockACLKConfig                   0x08008223   Thumb Code    20  stm32f4xx_rcc.o(.text)
    RCC_SAIBlockBCLKConfig                   0x08008237   Thumb Code    20  stm32f4xx_rcc.o(.text)
    RCC_LTDCCLKDivConfig                     0x0800824b   Thumb Code    20  stm32f4xx_rcc.o(.text)
    RCC_TIMCLKPresConfig                     0x0800825f   Thumb Code     6  stm32f4xx_rcc.o(.text)
    RCC_AHB1PeriphClockCmd                   0x08008265   Thumb Code    34  stm32f4xx_rcc.o(.text)
    RCC_AHB2PeriphClockCmd                   0x08008287   Thumb Code    78  stm32f4xx_rcc.o(.text)
    RCC_AHB3PeriphClockCmd                   0x080082d5   Thumb Code    34  stm32f4xx_rcc.o(.text)
    RCC_APB1PeriphClockCmd                   0x080082f7   Thumb Code    34  stm32f4xx_rcc.o(.text)
    RCC_APB2PeriphClockCmd                   0x08008319   Thumb Code    34  stm32f4xx_rcc.o(.text)
    RCC_AHB1PeriphResetCmd                   0x0800833b   Thumb Code    34  stm32f4xx_rcc.o(.text)
    RCC_AHB2PeriphResetCmd                   0x0800835d   Thumb Code    34  stm32f4xx_rcc.o(.text)
    RCC_AHB3PeriphResetCmd                   0x0800837f   Thumb Code    34  stm32f4xx_rcc.o(.text)
    RCC_APB1PeriphResetCmd                   0x080083a1   Thumb Code    34  stm32f4xx_rcc.o(.text)
    RCC_APB2PeriphResetCmd                   0x080083c3   Thumb Code    34  stm32f4xx_rcc.o(.text)
    RCC_AHB1PeriphClockLPModeCmd             0x080083e5   Thumb Code    34  stm32f4xx_rcc.o(.text)
    RCC_AHB2PeriphClockLPModeCmd             0x08008407   Thumb Code    34  stm32f4xx_rcc.o(.text)
    RCC_AHB3PeriphClockLPModeCmd             0x08008429   Thumb Code    34  stm32f4xx_rcc.o(.text)
    RCC_APB1PeriphClockLPModeCmd             0x0800844b   Thumb Code    34  stm32f4xx_rcc.o(.text)
    RCC_APB2PeriphClockLPModeCmd             0x0800846d   Thumb Code    34  stm32f4xx_rcc.o(.text)
    RCC_LSEModeConfig                        0x0800848f   Thumb Code    40  stm32f4xx_rcc.o(.text)
    RCC_ITConfig                             0x080084b7   Thumb Code    34  stm32f4xx_rcc.o(.text)
    RCC_ClearFlag                            0x080084d9   Thumb Code    18  stm32f4xx_rcc.o(.text)
    RCC_GetITStatus                          0x080084eb   Thumb Code    22  stm32f4xx_rcc.o(.text)
    RCC_ClearITPendingBit                    0x08008501   Thumb Code     8  stm32f4xx_rcc.o(.text)
    USART_DeInit                             0x0800850d   Thumb Code   206  stm32f4xx_usart.o(.text)
    USART_Init                               0x080085db   Thumb Code   204  stm32f4xx_usart.o(.text)
    USART_StructInit                         0x080086a7   Thumb Code    24  stm32f4xx_usart.o(.text)
    USART_ClockInit                          0x080086bf   Thumb Code    32  stm32f4xx_usart.o(.text)
    USART_ClockStructInit                    0x080086df   Thumb Code    12  stm32f4xx_usart.o(.text)
    USART_Cmd                                0x080086eb   Thumb Code    24  stm32f4xx_usart.o(.text)
    USART_SetPrescaler                       0x08008703   Thumb Code    16  stm32f4xx_usart.o(.text)
    USART_OverSampling8Cmd                   0x08008713   Thumb Code    22  stm32f4xx_usart.o(.text)
    USART_OneBitMethodCmd                    0x08008729   Thumb Code    24  stm32f4xx_usart.o(.text)
    USART_SendData                           0x08008741   Thumb Code     8  stm32f4xx_usart.o(.text)
    USART_ReceiveData                        0x08008749   Thumb Code    10  stm32f4xx_usart.o(.text)
    USART_SetAddress                         0x08008753   Thumb Code    18  stm32f4xx_usart.o(.text)
    USART_ReceiverWakeUpCmd                  0x08008765   Thumb Code    24  stm32f4xx_usart.o(.text)
    USART_WakeUpConfig                       0x0800877d   Thumb Code    18  stm32f4xx_usart.o(.text)
    USART_LINBreakDetectLengthConfig         0x0800878f   Thumb Code    18  stm32f4xx_usart.o(.text)
    USART_LINCmd                             0x080087a1   Thumb Code    24  stm32f4xx_usart.o(.text)
    USART_SendBreak                          0x080087b9   Thumb Code    10  stm32f4xx_usart.o(.text)
    USART_HalfDuplexCmd                      0x080087c3   Thumb Code    24  stm32f4xx_usart.o(.text)
    USART_SetGuardTime                       0x080087db   Thumb Code    16  stm32f4xx_usart.o(.text)
    USART_SmartCardCmd                       0x080087eb   Thumb Code    24  stm32f4xx_usart.o(.text)
    USART_SmartCardNACKCmd                   0x08008803   Thumb Code    24  stm32f4xx_usart.o(.text)
    USART_IrDAConfig                         0x0800881b   Thumb Code    18  stm32f4xx_usart.o(.text)
    USART_IrDACmd                            0x0800882d   Thumb Code    24  stm32f4xx_usart.o(.text)
    USART_DMACmd                             0x08008845   Thumb Code    18  stm32f4xx_usart.o(.text)
    USART_ITConfig                           0x08008857   Thumb Code    74  stm32f4xx_usart.o(.text)
    USART_GetFlagStatus                      0x080088a1   Thumb Code    26  stm32f4xx_usart.o(.text)
    USART_ClearFlag                          0x080088bb   Thumb Code    18  stm32f4xx_usart.o(.text)
    USART_GetITStatus                        0x080088cd   Thumb Code   118  stm32f4xx_usart.o(.text)
    USART_ClearITPendingBit                  0x08008943   Thumb Code    30  stm32f4xx_usart.o(.text)
    TIM_DeInit                               0x08008961   Thumb Code   346  stm32f4xx_tim.o(.text)
    TIM_TimeBaseInit                         0x08008abb   Thumb Code   104  stm32f4xx_tim.o(.text)
    TIM_TimeBaseStructInit                   0x08008b23   Thumb Code    18  stm32f4xx_tim.o(.text)
    TIM_PrescalerConfig                      0x08008b35   Thumb Code     6  stm32f4xx_tim.o(.text)
    TIM_CounterModeConfig                    0x08008b3b   Thumb Code    18  stm32f4xx_tim.o(.text)
    TIM_SetCounter                           0x08008b4d   Thumb Code     4  stm32f4xx_tim.o(.text)
    TIM_SetAutoreload                        0x08008b51   Thumb Code     4  stm32f4xx_tim.o(.text)
    TIM_GetCounter                           0x08008b55   Thumb Code     6  stm32f4xx_tim.o(.text)
    TIM_GetPrescaler                         0x08008b5b   Thumb Code     6  stm32f4xx_tim.o(.text)
    TIM_UpdateDisableConfig                  0x08008b61   Thumb Code    24  stm32f4xx_tim.o(.text)
    TIM_UpdateRequestConfig                  0x08008b79   Thumb Code    24  stm32f4xx_tim.o(.text)
    TIM_ARRPreloadConfig                     0x08008b91   Thumb Code    24  stm32f4xx_tim.o(.text)
    TIM_SelectOnePulseMode                   0x08008ba9   Thumb Code    18  stm32f4xx_tim.o(.text)
    TIM_SetClockDivision                     0x08008bbb   Thumb Code    18  stm32f4xx_tim.o(.text)
    TIM_Cmd                                  0x08008bcd   Thumb Code    24  stm32f4xx_tim.o(.text)
    TIM_OC1Init                              0x08008be5   Thumb Code   114  stm32f4xx_tim.o(.text)
    TIM_OC2Init                              0x08008c57   Thumb Code   154  stm32f4xx_tim.o(.text)
    TIM_OC3Init                              0x08008cf1   Thumb Code   204  stm32f4xx_tim.o(.text)
    TIM_OC4Init                              0x08008dbd   Thumb Code   112  stm32f4xx_tim.o(.text)
    TIM_OCStructInit                         0x08008e2d   Thumb Code    20  stm32f4xx_tim.o(.text)
    TIM_SelectOCxM                           0x08008e41   Thumb Code    86  stm32f4xx_tim.o(.text)
    TIM_SetCompare1                          0x08008e97   Thumb Code     4  stm32f4xx_tim.o(.text)
    TIM_SetCompare2                          0x08008e9b   Thumb Code     4  stm32f4xx_tim.o(.text)
    TIM_SetCompare3                          0x08008e9f   Thumb Code     4  stm32f4xx_tim.o(.text)
    TIM_SetCompare4                          0x08008ea3   Thumb Code     4  stm32f4xx_tim.o(.text)
    TIM_ForcedOC1Config                      0x08008ea7   Thumb Code    18  stm32f4xx_tim.o(.text)
    TIM_ForcedOC2Config                      0x08008eb9   Thumb Code    26  stm32f4xx_tim.o(.text)
    TIM_ForcedOC3Config                      0x08008ed3   Thumb Code    18  stm32f4xx_tim.o(.text)
    TIM_ForcedOC4Config                      0x08008ee5   Thumb Code    26  stm32f4xx_tim.o(.text)
    TIM_OC1PreloadConfig                     0x08008eff   Thumb Code    18  stm32f4xx_tim.o(.text)
    TIM_OC2PreloadConfig                     0x08008f11   Thumb Code    26  stm32f4xx_tim.o(.text)
    TIM_OC3PreloadConfig                     0x08008f2b   Thumb Code    18  stm32f4xx_tim.o(.text)
    TIM_OC4PreloadConfig                     0x08008f3d   Thumb Code    26  stm32f4xx_tim.o(.text)
    TIM_OC1FastConfig                        0x08008f57   Thumb Code    18  stm32f4xx_tim.o(.text)
    TIM_OC2FastConfig                        0x08008f69   Thumb Code    26  stm32f4xx_tim.o(.text)
    TIM_OC3FastConfig                        0x08008f83   Thumb Code    18  stm32f4xx_tim.o(.text)
    TIM_OC4FastConfig                        0x08008f95   Thumb Code    26  stm32f4xx_tim.o(.text)
    TIM_ClearOC1Ref                          0x08008faf   Thumb Code    18  stm32f4xx_tim.o(.text)
    TIM_ClearOC2Ref                          0x08008fc1   Thumb Code    24  stm32f4xx_tim.o(.text)
    TIM_ClearOC3Ref                          0x08008fd9   Thumb Code    18  stm32f4xx_tim.o(.text)
    TIM_ClearOC4Ref                          0x08008feb   Thumb Code    24  stm32f4xx_tim.o(.text)
    TIM_OC1PolarityConfig                    0x08009003   Thumb Code    18  stm32f4xx_tim.o(.text)
    TIM_OC1NPolarityConfig                   0x08009015   Thumb Code    18  stm32f4xx_tim.o(.text)
    TIM_OC2PolarityConfig                    0x08009027   Thumb Code    26  stm32f4xx_tim.o(.text)
    TIM_OC2NPolarityConfig                   0x08009041   Thumb Code    26  stm32f4xx_tim.o(.text)
    TIM_OC3PolarityConfig                    0x0800905b   Thumb Code    26  stm32f4xx_tim.o(.text)
    TIM_OC3NPolarityConfig                   0x08009075   Thumb Code    26  stm32f4xx_tim.o(.text)
    TIM_OC4PolarityConfig                    0x0800908f   Thumb Code    26  stm32f4xx_tim.o(.text)
    TIM_CCxCmd                               0x080090a9   Thumb Code    30  stm32f4xx_tim.o(.text)
    TIM_CCxNCmd                              0x080090c7   Thumb Code    30  stm32f4xx_tim.o(.text)
    TIM_SetIC4Prescaler                      0x080090e5   Thumb Code    26  stm32f4xx_tim.o(.text)
    TIM_SetIC3Prescaler                      0x0800914f   Thumb Code    18  stm32f4xx_tim.o(.text)
    TIM_SetIC2Prescaler                      0x080091a9   Thumb Code    26  stm32f4xx_tim.o(.text)
    TIM_SetIC1Prescaler                      0x0800921d   Thumb Code    18  stm32f4xx_tim.o(.text)
    TIM_ICInit                               0x08009269   Thumb Code   110  stm32f4xx_tim.o(.text)
    TIM_ICStructInit                         0x080092d7   Thumb Code    18  stm32f4xx_tim.o(.text)
    TIM_PWMIConfig                           0x080092e9   Thumb Code   124  stm32f4xx_tim.o(.text)
    TIM_GetCapture1                          0x08009365   Thumb Code     6  stm32f4xx_tim.o(.text)
    TIM_GetCapture2                          0x0800936b   Thumb Code     6  stm32f4xx_tim.o(.text)
    TIM_GetCapture3                          0x08009371   Thumb Code     6  stm32f4xx_tim.o(.text)
    TIM_GetCapture4                          0x08009377   Thumb Code     6  stm32f4xx_tim.o(.text)
    TIM_BDTRConfig                           0x0800937d   Thumb Code    32  stm32f4xx_tim.o(.text)
    TIM_BDTRStructInit                       0x0800939d   Thumb Code    18  stm32f4xx_tim.o(.text)
    TIM_CtrlPWMOutputs                       0x080093af   Thumb Code    30  stm32f4xx_tim.o(.text)
    TIM_SelectCOM                            0x080093cd   Thumb Code    24  stm32f4xx_tim.o(.text)
    TIM_CCPreloadControl                     0x080093e5   Thumb Code    24  stm32f4xx_tim.o(.text)
    TIM_ITConfig                             0x080093fd   Thumb Code    18  stm32f4xx_tim.o(.text)
    TIM_GenerateEvent                        0x0800940f   Thumb Code     4  stm32f4xx_tim.o(.text)
    TIM_GetFlagStatus                        0x08009413   Thumb Code    18  stm32f4xx_tim.o(.text)
    TIM_ClearFlag                            0x08009425   Thumb Code     6  stm32f4xx_tim.o(.text)
    TIM_GetITStatus                          0x0800942b   Thumb Code    34  stm32f4xx_tim.o(.text)
    TIM_ClearITPendingBit                    0x0800944d   Thumb Code     6  stm32f4xx_tim.o(.text)
    TIM_DMAConfig                            0x08009453   Thumb Code    10  stm32f4xx_tim.o(.text)
    TIM_DMACmd                               0x0800945d   Thumb Code    18  stm32f4xx_tim.o(.text)
    TIM_SelectCCDMA                          0x0800946f   Thumb Code    24  stm32f4xx_tim.o(.text)
    TIM_InternalClockConfig                  0x08009487   Thumb Code    12  stm32f4xx_tim.o(.text)
    TIM_SelectInputTrigger                   0x08009493   Thumb Code    18  stm32f4xx_tim.o(.text)
    TIM_ITRxExternalClockConfig              0x080094a5   Thumb Code    24  stm32f4xx_tim.o(.text)
    TIM_TIxExternalClockConfig               0x080094bd   Thumb Code    62  stm32f4xx_tim.o(.text)
    TIM_ETRConfig                            0x080094fb   Thumb Code    28  stm32f4xx_tim.o(.text)
    TIM_ETRClockMode1Config                  0x08009517   Thumb Code    54  stm32f4xx_tim.o(.text)
    TIM_ETRClockMode2Config                  0x0800954d   Thumb Code    32  stm32f4xx_tim.o(.text)
    TIM_SelectOutputTrigger                  0x0800956d   Thumb Code    18  stm32f4xx_tim.o(.text)
    TIM_SelectSlaveMode                      0x0800957f   Thumb Code    18  stm32f4xx_tim.o(.text)
    TIM_SelectMasterSlaveMode                0x08009591   Thumb Code    18  stm32f4xx_tim.o(.text)
    TIM_EncoderInterfaceConfig               0x080095a3   Thumb Code    66  stm32f4xx_tim.o(.text)
    TIM_SelectHallSensor                     0x080095e5   Thumb Code    24  stm32f4xx_tim.o(.text)
    TIM_RemapConfig                          0x080095fd   Thumb Code     6  stm32f4xx_tim.o(.text)
    usmart_sys_cmd_exe                       0x08009605   Thumb Code  1554  usmart.o(.text)
    usmart_reset_runtime                     0x08009c17   Thumb Code    38  usmart.o(.text)
    usmart_get_runtime                       0x08009c3d   Thumb Code    60  usmart.o(.text)
    TIM4_IRQHandler                          0x08009c79   Thumb Code    46  usmart.o(.text)
    Timer4_Init                              0x08009ca7   Thumb Code    86  usmart.o(.text)
    usmart_init                              0x08009cfd   Thumb Code    36  usmart.o(.text)
    usmart_cmd_rec                           0x08009d21   Thumb Code   170  usmart.o(.text)
    usmart_exe                               0x08009dcb   Thumb Code   868  usmart.o(.text)
    usmart_scan                              0x0800a12f   Thumb Code   120  usmart.o(.text)
    read_addr                                0x0800a1a7   Thumb Code     6  usmart.o(.text)
    write_addr                               0x0800a1ad   Thumb Code     4  usmart.o(.text)
    usmart_strcmp                            0x0800a239   Thumb Code    34  usmart_str.o(.text)
    usmart_strcopy                           0x0800a25b   Thumb Code    22  usmart_str.o(.text)
    usmart_strlen                            0x0800a271   Thumb Code    24  usmart_str.o(.text)
    usmart_pow                               0x0800a289   Thumb Code    22  usmart_str.o(.text)
    usmart_str2num                           0x0800a29f   Thumb Code   202  usmart_str.o(.text)
    usmart_get_cmdname                       0x0800a369   Thumb Code    54  usmart_str.o(.text)
    usmart_search_nextc                      0x0800a39f   Thumb Code    22  usmart_str.o(.text)
    usmart_get_fname                         0x0800a3b5   Thumb Code   440  usmart_str.o(.text)
    usmart_get_aparm                         0x0800a56d   Thumb Code   200  usmart_str.o(.text)
    usmart_get_parmpos                       0x0800a635   Thumb Code    26  usmart_str.o(.text)
    usmart_get_fparam                        0x0800a64f   Thumb Code   262  usmart_str.o(.text)
    __use_no_semihosting                     0x0800a761   Thumb Code     2  use_no_semi_2.o(.text)
    __2printf                                0x0800a765   Thumb Code    20  noretval__2printf.o(.text)
    _printf_pre_padding                      0x0800a77d   Thumb Code    44  _printf_pad.o(.text)
    _printf_post_padding                     0x0800a7a9   Thumb Code    34  _printf_pad.o(.text)
    _printf_str                              0x0800a7cb   Thumb Code    82  _printf_str.o(.text)
    _printf_int_dec                          0x0800a81d   Thumb Code   104  _printf_dec.o(.text)
    _printf_int_hex                          0x0800a895   Thumb Code    84  _printf_hex_int.o(.text)
    _printf_longlong_hex                     0x0800a895   Thumb Code     0  _printf_hex_int.o(.text)
    __printf                                 0x0800a8ed   Thumb Code   388  __printf_flags_ss_wp.o(.text)
    __use_two_region_memory                  0x0800aa75   Thumb Code     2  heapauxi.o(.text)
    __rt_heap_escrow$2region                 0x0800aa77   Thumb Code     2  heapauxi.o(.text)
    __rt_heap_expand$2region                 0x0800aa79   Thumb Code     2  heapauxi.o(.text)
    __I$use$semihosting                      0x0800aa7b   Thumb Code     0  use_no_semi.o(.text)
    __use_no_semihosting_swi                 0x0800aa7b   Thumb Code     2  use_no_semi.o(.text)
    _printf_int_common                       0x0800aa7d   Thumb Code   178  _printf_intcommon.o(.text)
    _printf_cs_common                        0x0800ab2f   Thumb Code    20  _printf_char.o(.text)
    _printf_char                             0x0800ab43   Thumb Code    16  _printf_char.o(.text)
    _printf_string                           0x0800ab53   Thumb Code     8  _printf_char.o(.text)
    _printf_char_file                        0x0800ab5d   Thumb Code    32  _printf_char_file.o(.text)
    _printf_char_common                      0x0800ab8b   Thumb Code    32  _printf_char_common.o(.text)
    ferror                                   0x0800abb1   Thumb Code     8  ferror.o(.text)
    __user_setup_stackheap                   0x0800abb9   Thumb Code    74  sys_stackheap_outer.o(.text)
    exit                                     0x0800ac03   Thumb Code    18  exit.o(.text)
    __user_libspace                          0x0800ac15   Thumb Code     8  libspace.o(.text)
    __user_perproc_libspace                  0x0800ac15   Thumb Code     0  libspace.o(.text)
    __user_perthread_libspace                0x0800ac15   Thumb Code     0  libspace.o(.text)
    _is_digit                                0x0800ac1d   Thumb Code    14  __printf_wp.o(i._is_digit)
    __aeabi_d2uiz                            0x0800ac2d   Thumb Code     0  dfixu.o(x$fpl$dfixu)
    _dfixu                                   0x0800ac2d   Thumb Code    90  dfixu.o(x$fpl$dfixu)
    __aeabi_ui2d                             0x0800ac87   Thumb Code     0  dflt_clz.o(x$fpl$dfltu)
    _dfltu                                   0x0800ac87   Thumb Code    38  dflt_clz.o(x$fpl$dfltu)
    __aeabi_dmul                             0x0800acad   Thumb Code     0  dmul.o(x$fpl$dmul)
    _dmul                                    0x0800acad   Thumb Code   332  dmul.o(x$fpl$dmul)
    __fpl_dnaninf                            0x0800ae01   Thumb Code   156  dnaninf.o(x$fpl$dnaninf)
    __fpl_dretinf                            0x0800ae9d   Thumb Code    12  dretinf.o(x$fpl$dretinf)
    _fp_init                                 0x0800aea9   Thumb Code    10  fpinit.o(x$fpl$fpinit)
    __fplib_config_fpu_vfp                   0x0800aeb1   Thumb Code     0  fpinit.o(x$fpl$fpinit)
    __fplib_config_pureend_doubles           0x0800aeb1   Thumb Code     0  fpinit.o(x$fpl$fpinit)
    __I$use$fp                               0x0800aeb2   Number         0  usenofp.o(x$fpl$usenofp)
    asc2_1206                                0x0800aeb2   Data        1140  lcd.o(.constdata)
    asc2_1608                                0x0800b326   Data        1520  lcd.o(.constdata)
    asc2_2412                                0x0800b916   Data        3420  lcd.o(.constdata)
    ov2640_sxga_init_reg_tbl                 0x0800c672   Data         356  ov2640.o(.constdata)
    ov2640_svga_init_reg_tbl                 0x0800c7d6   Data         354  ov2640.o(.constdata)
    ov2640_jpeg_reg_tbl                      0x0800c938   Data          14  ov2640.o(.constdata)
    ov2640_rgb565_reg_tbl                    0x0800c946   Data          28  ov2640.o(.constdata)
    ov2640_yuv422_reg_tbl                    0x0800c962   Data          16  ov2640.o(.constdata)
    cDataVsStrTab                            0x0800c99a   Data          17  usart.o(.constdata)
    FSMC_DefaultTimingStruct                 0x0800c9ac   Data          28  stm32f4xx_fsmc.o(.constdata)
    Region$$Table$$Base                      0x0800cd40   Number         0  anon$$obj.o(Region$$Table)
    Region$$Table$$Limit                     0x0800cd60   Number         0  anon$$obj.o(Region$$Table)
    RGB_BUF                                  0x20000000   Data           4  main.o(.data)
    RGB_BUF1                                 0x20000004   Data           4  main.o(.data)
    RGB_BUF2                                 0x20000008   Data           4  main.o(.data)
    ImageDateLenght                          0x2000000c   Data           4  main.o(.data)
    buf_sta                                  0x20000010   Data           1  main.o(.data)
    SystemCoreClock                          0x20000014   Data           4  system_stm32f4xx.o(.data)
    AHBPrescTable                            0x20000018   Data          16  system_stm32f4xx.o(.data)
    POINT_COLOR                              0x20000028   Data           2  lcd.o(.data)
    BACK_COLOR                               0x2000002a   Data           2  lcd.o(.data)
    ov_frame                                 0x20000030   Data           1  dcmi.o(.data)
    dcmi_rx_callback                         0x20000034   Data           4  dcmi.o(.data)
    ArP                                      0x20000038   Data          28  sram.o(.data)
    __stdout                                 0x20000058   Data           4  usart.o(.data)
    USART_RX_STA                             0x2000005c   Data           2  usart.o(.data)
    sys_cmd_tab                              0x20000070   Data          28  usmart.o(.data)
    usmart_nametab                           0x2000008c   Data         168  usmart_config.o(.data)
    usmart_dev                               0x20000134   Data         244  usmart_config.o(.data)
    RGB_buf1                                 0x20000228   Data        8192  main.o(.bss)
    RGB_buf2                                 0x20002228   Data        8192  main.o(.bss)
    lcddev                                   0x20004228   Data          14  lcd.o(.bss)
    DCMI_InitStructure                       0x20004236   Data          14  dcmi.o(.bss)
    Xres_Tab                                 0x20004250   Data        1936  sram.o(.bss)
    Yres_Tab                                 0x200049e0   Data        2576  sram.o(.bss)
    USART_RX_BUF                             0x200053f0   Data         200  usart.o(.bss)
    __libspace_start                         0x200054b8   Data          96  libspace.o(.bss)
    __temporary_stack_top$libspace           0x20005518   Data           0  libspace.o(.bss)



==============================================================================

Memory Map of the image

  Image Entry point : 0x08000189

  Load Region LR_IROM1 (Base: 0x08000000, Size: 0x0000cf88, Max: 0x00100000, ABSOLUTE, COMPRESSED[0x0000ce48])

    Execution Region ER_IROM1 (Exec base: 0x08000000, Load base: 0x08000000, Size: 0x0000cd60, Max: 0x00100000, ABSOLUTE)

    Exec Addr    Load Addr    Size         Type   Attr      Idx    E Section Name        Object

    0x08000000   0x08000000   0x00000188   Data   RO          548    RESET               startup_stm32f40_41xxx.o
    0x08000188   0x08000188   0x00000008   Code   RO          868  * !!!main             c_w.l(__main.o)
    0x08000190   0x08000190   0x00000034   Code   RO         1057    !!!scatter          c_w.l(__scatter.o)
    0x080001c4   0x080001c4   0x0000005a   Code   RO         1055    !!dczerorl2         c_w.l(__dczerorl2.o)
    0x0800021e   0x0800021e   0x00000002   PAD
    0x08000220   0x08000220   0x0000001c   Code   RO         1059    !!handler_zi        c_w.l(__scatter_zi.o)
    0x0800023c   0x0800023c   0x00000000   Code   RO          865    .ARM.Collect$$_printf_percent$$00000000  c_w.l(_printf_percent.o)
    0x0800023c   0x0800023c   0x00000006   Code   RO          863    .ARM.Collect$$_printf_percent$$00000009  c_w.l(_printf_d.o)
    0x08000242   0x08000242   0x00000006   Code   RO          864    .ARM.Collect$$_printf_percent$$0000000A  c_w.l(_printf_u.o)
    0x08000248   0x08000248   0x00000006   Code   RO          862    .ARM.Collect$$_printf_percent$$0000000C  c_w.l(_printf_x.o)
    0x0800024e   0x0800024e   0x00000006   Code   RO          860    .ARM.Collect$$_printf_percent$$00000013  c_w.l(_printf_c.o)
    0x08000254   0x08000254   0x00000006   Code   RO          861    .ARM.Collect$$_printf_percent$$00000014  c_w.l(_printf_s.o)
    0x0800025a   0x0800025a   0x00000004   Code   RO          891    .ARM.Collect$$_printf_percent$$00000017  c_w.l(_printf_percent_end.o)
    0x0800025e   0x0800025e   0x00000002   Code   RO          929    .ARM.Collect$$libinit$$00000000  c_w.l(libinit.o)
    0x08000260   0x08000260   0x00000004   Code   RO          935    .ARM.Collect$$libinit$$00000001  c_w.l(libinit2.o)
    0x08000264   0x08000264   0x00000000   Code   RO          938    .ARM.Collect$$libinit$$00000004  c_w.l(libinit2.o)
    0x08000264   0x08000264   0x00000000   Code   RO          941    .ARM.Collect$$libinit$$0000000A  c_w.l(libinit2.o)
    0x08000264   0x08000264   0x00000000   Code   RO          943    .ARM.Collect$$libinit$$0000000C  c_w.l(libinit2.o)
    0x08000264   0x08000264   0x00000000   Code   RO          945    .ARM.Collect$$libinit$$0000000E  c_w.l(libinit2.o)
    0x08000264   0x08000264   0x00000000   Code   RO          948    .ARM.Collect$$libinit$$00000011  c_w.l(libinit2.o)
    0x08000264   0x08000264   0x00000000   Code   RO          950    .ARM.Collect$$libinit$$00000013  c_w.l(libinit2.o)
    0x08000264   0x08000264   0x00000000   Code   RO          952    .ARM.Collect$$libinit$$00000015  c_w.l(libinit2.o)
    0x08000264   0x08000264   0x00000000   Code   RO          954    .ARM.Collect$$libinit$$00000017  c_w.l(libinit2.o)
    0x08000264   0x08000264   0x00000000   Code   RO          956    .ARM.Collect$$libinit$$00000019  c_w.l(libinit2.o)
    0x08000264   0x08000264   0x00000000   Code   RO          958    .ARM.Collect$$libinit$$0000001B  c_w.l(libinit2.o)
    0x08000264   0x08000264   0x00000000   Code   RO          960    .ARM.Collect$$libinit$$0000001D  c_w.l(libinit2.o)
    0x08000264   0x08000264   0x00000000   Code   RO          962    .ARM.Collect$$libinit$$0000001F  c_w.l(libinit2.o)
    0x08000264   0x08000264   0x00000000   Code   RO          964    .ARM.Collect$$libinit$$00000021  c_w.l(libinit2.o)
    0x08000264   0x08000264   0x00000000   Code   RO          966    .ARM.Collect$$libinit$$00000023  c_w.l(libinit2.o)
    0x08000264   0x08000264   0x00000000   Code   RO          968    .ARM.Collect$$libinit$$00000025  c_w.l(libinit2.o)
    0x08000264   0x08000264   0x00000000   Code   RO          972    .ARM.Collect$$libinit$$0000002C  c_w.l(libinit2.o)
    0x08000264   0x08000264   0x00000000   Code   RO          974    .ARM.Collect$$libinit$$0000002E  c_w.l(libinit2.o)
    0x08000264   0x08000264   0x00000000   Code   RO          976    .ARM.Collect$$libinit$$00000030  c_w.l(libinit2.o)
    0x08000264   0x08000264   0x00000000   Code   RO          978    .ARM.Collect$$libinit$$00000032  c_w.l(libinit2.o)
    0x08000264   0x08000264   0x00000002   Code   RO          979    .ARM.Collect$$libinit$$00000033  c_w.l(libinit2.o)
    0x08000266   0x08000266   0x00000002   Code   RO          997    .ARM.Collect$$libshutdown$$00000000  c_w.l(libshutdown.o)
    0x08000268   0x08000268   0x00000000   Code   RO         1007    .ARM.Collect$$libshutdown$$00000002  c_w.l(libshutdown2.o)
    0x08000268   0x08000268   0x00000000   Code   RO         1009    .ARM.Collect$$libshutdown$$00000004  c_w.l(libshutdown2.o)
    0x08000268   0x08000268   0x00000000   Code   RO         1012    .ARM.Collect$$libshutdown$$00000007  c_w.l(libshutdown2.o)
    0x08000268   0x08000268   0x00000000   Code   RO         1015    .ARM.Collect$$libshutdown$$0000000A  c_w.l(libshutdown2.o)
    0x08000268   0x08000268   0x00000000   Code   RO         1017    .ARM.Collect$$libshutdown$$0000000C  c_w.l(libshutdown2.o)
    0x08000268   0x08000268   0x00000000   Code   RO         1020    .ARM.Collect$$libshutdown$$0000000F  c_w.l(libshutdown2.o)
    0x08000268   0x08000268   0x00000002   Code   RO         1021    .ARM.Collect$$libshutdown$$00000010  c_w.l(libshutdown2.o)
    0x0800026a   0x0800026a   0x00000000   Code   RO          884    .ARM.Collect$$rtentry$$00000000  c_w.l(__rtentry.o)
    0x0800026a   0x0800026a   0x00000000   Code   RO          898    .ARM.Collect$$rtentry$$00000002  c_w.l(__rtentry2.o)
    0x0800026a   0x0800026a   0x00000006   Code   RO          910    .ARM.Collect$$rtentry$$00000004  c_w.l(__rtentry4.o)
    0x08000270   0x08000270   0x00000000   Code   RO          900    .ARM.Collect$$rtentry$$00000009  c_w.l(__rtentry2.o)
    0x08000270   0x08000270   0x00000004   Code   RO          901    .ARM.Collect$$rtentry$$0000000A  c_w.l(__rtentry2.o)
    0x08000274   0x08000274   0x00000000   Code   RO          903    .ARM.Collect$$rtentry$$0000000C  c_w.l(__rtentry2.o)
    0x08000274   0x08000274   0x00000008   Code   RO          904    .ARM.Collect$$rtentry$$0000000D  c_w.l(__rtentry2.o)
    0x0800027c   0x0800027c   0x00000002   Code   RO          933    .ARM.Collect$$rtexit$$00000000  c_w.l(rtexit.o)
    0x0800027e   0x0800027e   0x00000000   Code   RO          981    .ARM.Collect$$rtexit$$00000002  c_w.l(rtexit2.o)
    0x0800027e   0x0800027e   0x00000004   Code   RO          982    .ARM.Collect$$rtexit$$00000003  c_w.l(rtexit2.o)
    0x08000282   0x08000282   0x00000006   Code   RO          983    .ARM.Collect$$rtexit$$00000004  c_w.l(rtexit2.o)
    0x08000288   0x08000288   0x00000378   Code   RO            3    .text               main.o
    0x08000600   0x08000600   0x0000001a   Code   RO          187    .text               stm32f4xx_it.o
    0x0800061a   0x0800061a   0x00000002   PAD
    0x0800061c   0x0800061c   0x00000210   Code   RO          236    .text               system_stm32f4xx.o
    0x0800082c   0x0800082c   0x00000040   Code   RO          262    .text               led.o
    0x0800086c   0x0800086c   0x00004dc6   Code   RO          282    .text               lcd.o
    0x08005632   0x08005632   0x00000002   PAD
    0x08005634   0x08005634   0x00000104   Code   RO          320    .text               key.o
    0x08005738   0x08005738   0x0000036c   Code   RO          341    .text               dcmi.o
    0x08005aa4   0x08005aa4   0x000005e4   Code   RO          365    .text               ov2640.o
    0x08006088   0x08006088   0x00000274   Code   RO          391    .text               sccb.o
    0x080062fc   0x080062fc   0x00000084   Code   RO          411    .text               usart2.o
    0x08006380   0x08006380   0x00000080   Code   RO          431    .text               timer.o
    0x08006400   0x08006400   0x00000908   Code   RO          452    .text               sram.o
    0x08006d08   0x08006d08   0x00000104   Code   RO          476    .text               delay.o
    0x08006e0c   0x08006e0c   0x000001f4   Code   RO          516    .text               usart.o
    0x08007000   0x08007000   0x00000040   Code   RO          549    .text               startup_stm32f40_41xxx.o
    0x08007040   0x08007040   0x000000e0   Code   RO          555    .text               misc.o
    0x08007120   0x08007120   0x0000018c   Code   RO          575    .text               stm32f4xx_dcmi.o
    0x080072ac   0x080072ac   0x00000294   Code   RO          595    .text               stm32f4xx_gpio.o
    0x08007540   0x08007540   0x000005c8   Code   RO          615    .text               stm32f4xx_fsmc.o
    0x08007b08   0x08007b08   0x000003a8   Code   RO          638    .text               stm32f4xx_dma.o
    0x08007eb0   0x08007eb0   0x0000065c   Code   RO          658    .text               stm32f4xx_rcc.o
    0x0800850c   0x0800850c   0x00000454   Code   RO          700    .text               stm32f4xx_usart.o
    0x08008960   0x08008960   0x00000ca2   Code   RO          720    .text               stm32f4xx_tim.o
    0x08009602   0x08009602   0x00000002   PAD
    0x08009604   0x08009604   0x00000c34   Code   RO          740    .text               usmart.o
    0x0800a238   0x0800a238   0x00000528   Code   RO          785    .text               usmart_str.o
    0x0800a760   0x0800a760   0x00000002   Code   RO          805    .text               c_w.l(use_no_semi_2.o)
    0x0800a762   0x0800a762   0x00000002   PAD
    0x0800a764   0x0800a764   0x00000018   Code   RO          809    .text               c_w.l(noretval__2printf.o)
    0x0800a77c   0x0800a77c   0x0000004e   Code   RO          813    .text               c_w.l(_printf_pad.o)
    0x0800a7ca   0x0800a7ca   0x00000052   Code   RO          815    .text               c_w.l(_printf_str.o)
    0x0800a81c   0x0800a81c   0x00000078   Code   RO          817    .text               c_w.l(_printf_dec.o)
    0x0800a894   0x0800a894   0x00000058   Code   RO          822    .text               c_w.l(_printf_hex_int.o)
    0x0800a8ec   0x0800a8ec   0x00000188   Code   RO          857    .text               c_w.l(__printf_flags_ss_wp.o)
    0x0800aa74   0x0800aa74   0x00000006   Code   RO          866    .text               c_w.l(heapauxi.o)
    0x0800aa7a   0x0800aa7a   0x00000002   Code   RO          882    .text               c_w.l(use_no_semi.o)
    0x0800aa7c   0x0800aa7c   0x000000b2   Code   RO          885    .text               c_w.l(_printf_intcommon.o)
    0x0800ab2e   0x0800ab2e   0x0000002c   Code   RO          887    .text               c_w.l(_printf_char.o)
    0x0800ab5a   0x0800ab5a   0x00000002   PAD
    0x0800ab5c   0x0800ab5c   0x00000024   Code   RO          889    .text               c_w.l(_printf_char_file.o)
    0x0800ab80   0x0800ab80   0x00000030   Code   RO          912    .text               c_w.l(_printf_char_common.o)
    0x0800abb0   0x0800abb0   0x00000008   Code   RO          914    .text               c_w.l(ferror.o)
    0x0800abb8   0x0800abb8   0x0000004a   Code   RO          918    .text               c_w.l(sys_stackheap_outer.o)
    0x0800ac02   0x0800ac02   0x00000012   Code   RO          922    .text               c_w.l(exit.o)
    0x0800ac14   0x0800ac14   0x00000008   Code   RO          930    .text               c_w.l(libspace.o)
    0x0800ac1c   0x0800ac1c   0x0000000e   Code   RO          850    i._is_digit         c_w.l(__printf_wp.o)
    0x0800ac2a   0x0800ac2a   0x00000002   PAD
    0x0800ac2c   0x0800ac2c   0x0000005a   Code   RO          870    x$fpl$dfixu         fz_wm.l(dfixu.o)
    0x0800ac86   0x0800ac86   0x00000026   Code   RO          874    x$fpl$dfltu         fz_wm.l(dflt_clz.o)
    0x0800acac   0x0800acac   0x00000154   Code   RO          880    x$fpl$dmul          fz_wm.l(dmul.o)
    0x0800ae00   0x0800ae00   0x0000009c   Code   RO          892    x$fpl$dnaninf       fz_wm.l(dnaninf.o)
    0x0800ae9c   0x0800ae9c   0x0000000c   Code   RO          894    x$fpl$dretinf       fz_wm.l(dretinf.o)
    0x0800aea8   0x0800aea8   0x0000000a   Code   RO          989    x$fpl$fpinit        fz_wm.l(fpinit.o)
    0x0800aeb2   0x0800aeb2   0x00000000   Code   RO          896    x$fpl$usenofp       fz_wm.l(usenofp.o)
    0x0800aeb2   0x0800aeb2   0x000017c0   Data   RO          284    .constdata          lcd.o
    0x0800c672   0x0800c672   0x00000328   Data   RO          366    .constdata          ov2640.o
    0x0800c99a   0x0800c99a   0x00000011   Data   RO          518    .constdata          usart.o
    0x0800c9ab   0x0800c9ab   0x00000001   PAD
    0x0800c9ac   0x0800c9ac   0x0000001c   Data   RO          616    .constdata          stm32f4xx_fsmc.o
    0x0800c9c8   0x0800c9c8   0x00000028   Data   RO          823    .constdata          c_w.l(_printf_hex_int.o)
    0x0800c9f0   0x0800c9f0   0x00000011   Data   RO          858    .constdata          c_w.l(__printf_flags_ss_wp.o)
    0x0800ca01   0x0800ca01   0x00000003   PAD
    0x0800ca04   0x0800ca04   0x00000028   Data   RO          741    .conststring        usmart.o
    0x0800ca2c   0x0800ca2c   0x00000311   Data   RO          764    .conststring        usmart_config.o
    0x0800cd3d   0x0800cd3d   0x00000003   PAD
    0x0800cd40   0x0800cd40   0x00000020   Data   RO         1053    Region$$Table       anon$$obj.o


    Execution Region RW_IRAM1 (Exec base: 0x20000000, Load base: 0x0800cd60, Size: 0x00005b18, Max: 0x00020000, ABSOLUTE, COMPRESSED[0x000000e8])

    Exec Addr    Load Addr    Size         Type   Attr      Idx    E Section Name        Object

    0x20000000   COMPRESSED   0x00000011   Data   RW            5    .data               main.o
    0x20000011   COMPRESSED   0x00000003   PAD
    0x20000014   COMPRESSED   0x00000014   Data   RW          237    .data               system_stm32f4xx.o
    0x20000028   COMPRESSED   0x00000004   Data   RW          285    .data               lcd.o
    0x2000002c   COMPRESSED   0x00000001   Data   RW          321    .data               key.o
    0x2000002d   COMPRESSED   0x00000003   PAD
    0x20000030   COMPRESSED   0x00000008   Data   RW          343    .data               dcmi.o
    0x20000038   COMPRESSED   0x0000001c   Data   RW          454    .data               sram.o
    0x20000054   COMPRESSED   0x00000004   Data   RW          477    .data               delay.o
    0x20000058   COMPRESSED   0x00000006   Data   RW          519    .data               usart.o
    0x2000005e   COMPRESSED   0x00000010   Data   RW          659    .data               stm32f4xx_rcc.o
    0x2000006e   COMPRESSED   0x00000002   PAD
    0x20000070   COMPRESSED   0x0000001c   Data   RW          742    .data               usmart.o
    0x2000008c   COMPRESSED   0x0000019c   Data   RW          765    .data               usmart_config.o
    0x20000228        -       0x00004000   Zero   RW            4    .bss                main.o
    0x20004228        -       0x0000000e   Zero   RW          283    .bss                lcd.o
    0x20004236        -       0x0000000e   Zero   RW          342    .bss                dcmi.o
    0x20004244        -       0x000011ac   Zero   RW          453    .bss                sram.o
    0x200053f0        -       0x000000c8   Zero   RW          517    .bss                usart.o
    0x200054b8        -       0x00000060   Zero   RW          931    .bss                c_w.l(libspace.o)
    0x20005518        -       0x00000200   Zero   RW          547    HEAP                startup_stm32f40_41xxx.o
    0x20005718        -       0x00000400   Zero   RW          546    STACK               startup_stm32f40_41xxx.o


==============================================================================

Image component sizes


      Code (inc. data)   RO Data    RW Data    ZI Data      Debug   Object Name

       876         44          0          8         14       3726   dcmi.o
       260          8          0          4          0       1493   delay.o
       260         12          0          1          0        884   key.o
     19910        220       6080          4         14      23769   lcd.o
        64          4          0          0          0        531   led.o
       888        104          0         17      16384     309516   main.o
       224         20          0          0          0       1833   misc.o
      1508         66        808          0          0       6145   ov2640.o
       628         12          0          0          0       2079   sccb.o
      2312         66          0         28       4524       4940   sram.o
        64         26        392          0       1536        832   startup_stm32f40_41xxx.o
       396          4          0          0          0       3494   stm32f4xx_dcmi.o
       936         32          0          0          0       6405   stm32f4xx_dma.o
      1480         18         28          0          0       5670   stm32f4xx_fsmc.o
       660         44          0          0          0       4173   stm32f4xx_gpio.o
        26          0          0          0          0       1230   stm32f4xx_it.o
      1628         52          0         16          0      13056   stm32f4xx_rcc.o
      3234         60          0          0          0      23028   stm32f4xx_tim.o
      1108         34          0          0          0       7896   stm32f4xx_usart.o
       528         46          0         20          0       1799   system_stm32f4xx.o
       128         10          0          0          0        828   timer.o
       500         30         17          6        200       4528   usart.o
       132          8          0          0          0        750   usart2.o
      3124       1286         40         28          0       4446   usmart.o
         0          0        785        412          0       1568   usmart_config.o
      1320         12          0          0          0       5353   usmart_str.o

    ----------------------------------------------------------------------
     42200       2218       8186        552      22672     439972   Object Totals
         0          0         32          0          0          0   (incl. Generated)
         6          0          4          8          0          0   (incl. Padding)

    ----------------------------------------------------------------------

      Code (inc. data)   RO Data    RW Data    ZI Data      Debug   Library Member Name

        90          0          0          0          0          0   __dczerorl2.o
         8          0          0          0          0         68   __main.o
       392          4         17          0          0         92   __printf_flags_ss_wp.o
        14          0          0          0          0         68   __printf_wp.o
         0          0          0          0          0          0   __rtentry.o
        12          0          0          0          0          0   __rtentry2.o
         6          0          0          0          0          0   __rtentry4.o
        52          8          0          0          0          0   __scatter.o
        28          0          0          0          0          0   __scatter_zi.o
         6          0          0          0          0          0   _printf_c.o
        44          0          0          0          0        108   _printf_char.o
        48          6          0          0          0         96   _printf_char_common.o
        36          4          0          0          0         80   _printf_char_file.o
         6          0          0          0          0          0   _printf_d.o
       120         16          0          0          0         92   _printf_dec.o
        88          4         40          0          0         88   _printf_hex_int.o
       178          0          0          0          0         88   _printf_intcommon.o
        78          0          0          0          0        108   _printf_pad.o
         0          0          0          0          0          0   _printf_percent.o
         4          0          0          0          0          0   _printf_percent_end.o
         6          0          0          0          0          0   _printf_s.o
        82          0          0          0          0         80   _printf_str.o
         6          0          0          0          0          0   _printf_u.o
         6          0          0          0          0          0   _printf_x.o
        18          0          0          0          0         80   exit.o
         8          0          0          0          0         68   ferror.o
         6          0          0          0          0        152   heapauxi.o
         2          0          0          0          0          0   libinit.o
         6          0          0          0          0          0   libinit2.o
         2          0          0          0          0          0   libshutdown.o
         2          0          0          0          0          0   libshutdown2.o
         8          4          0          0         96         68   libspace.o
        24          4          0          0          0         84   noretval__2printf.o
         2          0          0          0          0          0   rtexit.o
        10          0          0          0          0          0   rtexit2.o
        74          0          0          0          0         80   sys_stackheap_outer.o
         2          0          0          0          0         68   use_no_semi.o
         2          0          0          0          0         68   use_no_semi_2.o
        90          4          0          0          0        140   dfixu.o
        38          0          0          0          0        116   dflt_clz.o
       340         12          0          0          0        152   dmul.o
       156          4          0          0          0        140   dnaninf.o
        12          0          0          0          0        116   dretinf.o
        10          0          0          0          0        116   fpinit.o
         0          0          0          0          0          0   usenofp.o

    ----------------------------------------------------------------------
      2130         70         60          0         96       2416   Library Totals
         8          0          3          0          0          0   (incl. Padding)

    ----------------------------------------------------------------------

      Code (inc. data)   RO Data    RW Data    ZI Data      Debug   Library Name

      1476         50         57          0         96       1636   c_w.l
       646         20          0          0          0        780   fz_wm.l

    ----------------------------------------------------------------------
      2130         70         60          0         96       2416   Library Totals

    ----------------------------------------------------------------------

==============================================================================


      Code (inc. data)   RO Data    RW Data    ZI Data      Debug   

     44330       2288       8246        552      22768     436108   Grand Totals
     44330       2288       8246        232      22768     436108   ELF Image Totals (compressed)
     44330       2288       8246        232          0          0   ROM Totals

==============================================================================

    Total RO  Size (Code + RO Data)                52576 (  51.34kB)
    Total RW  Size (RW Data + ZI Data)             23320 (  22.77kB)
    Total ROM Size (Code + RO Data + RW Data)      52808 (  51.57kB)

==============================================================================

